<html>
<body>
<pre>
<h1>µVision Build Log</h1>
<h2>Tool Versions:</h2>
IDE-Version: ¦ÌVision V5.21.1.0
Copyright (C) 2016 ARM Ltd and ARM Germany GmbH. All rights reserved.
License Information: SpartA DAD, DAD, LIC=8VRAR-KLTC6-4SUY4-FACHI-QL624-UPCSC
 
Tool Versions:
Toolchain:       MDK-ARM Plus  Version: 5.21a
Toolchain Path:  E:\Keil5\ARM\ARMCC\Bin
C Compiler:      Armcc.exe V5.06 update 3 (build 300)
Assembler:       Armasm.exe V5.06 update 3 (build 300)
Linker/Locator:  ArmLink.exe V5.06 update 3 (build 300)
Library Manager: ArmAr.exe V5.06 update 3 (build 300)
Hex Converter:   FromElf.exe V5.06 update 3 (build 300)
CPU DLL:         SARMCM3.DLL V5.21a
Dialog DLL:      DCM.DLL V1.13.8.0
Target DLL:      Segger\JL2CM3.dll V2.99.23.0
Dialog DLL:      TCM.DLL V1.14.14.0
 
<h2>Project:</h2>
E:\git´úÂë¿â\USB-VCP\USER\Template.uvprojx
Project File Date:  01/26/2018

<h2>Output:</h2>
*** Using Compiler 'V5.06 update 3 (build 300)', folder: 'E:\Keil5\ARM\ARMCC\Bin'
Build target 'Template'
compiling usbd_cdc_core.c...
..\Libraries\STM32_USB_Device_Library\Class\cdc\src\usbd_cdc_core.c(633): warning:  #177-D: variable "i" was declared but never referenced
  	u32 i;
..\Libraries\STM32_USB_Device_Library\Class\cdc\src\usbd_cdc_core.c: 1 warning, 0 errors
linking...
Program Size: Code=18284 RO-data=424 RW-data=380 ZI-data=5860  
FromELF: creating hex file...
"..\OBJ\Template.axf" - 0 Error(s), 1 Warning(s).

<h2>Collection of Component include folders:</h2>
  E:\git´úÂë¿â\USB-VCP\USER\RTE
  E:\Keil5\ARM\PACK\Keil\STM32F4xx_DFP\2.11.0\Drivers\CMSIS\Device\ST\STM32F4xx\Include

<h2>Collection of Component Files used:</h2>
Build Time Elapsed:  00:00:05
</pre>
</body>
</html>
