Component: ARM Compiler 5.06 update 3 (build 300) Tool: armlink [4d35c9]

==============================================================================

Section Cross References

    main.o(.text) refers to misc.o(.text) for NVIC_PriorityGroupConfig
    main.o(.text) refers to delay.o(.text) for delay_init
    main.o(.text) refers to usart.o(.text) for uart_init
    main.o(.text) refers to led.o(.text) for LED_Init
    main.o(.text) refers to noretval__2printf.o(.text) for __2printf
    main.o(.text) refers to usbd_core.o(.text) for USBD_Init
    main.o(.text) refers to usbd_usr.o(.data) for USR_cb
    main.o(.text) refers to usbd_cdc_core.o(.data) for USBD_CDC_cb
    main.o(.text) refers to usbd_desc.o(.data) for USR_desc
    main.o(.text) refers to main.o(.bss) for USB_OTG_dev
    main.o(.text) refers to usbd_cdc_vcp.o(.data) for USB_RecvieCount
    system_stm32f4xx.o(.text) refers to system_stm32f4xx.o(.data) for SystemCoreClock
    startup_stm32f40_41xxx.o(STACK) refers (Special) to heapauxi.o(.text) for __use_two_region_memory
    startup_stm32f40_41xxx.o(HEAP) refers (Special) to heapauxi.o(.text) for __use_two_region_memory
    startup_stm32f40_41xxx.o(RESET) refers (Special) to heapauxi.o(.text) for __use_two_region_memory
    startup_stm32f40_41xxx.o(RESET) refers to startup_stm32f40_41xxx.o(STACK) for __initial_sp
    startup_stm32f40_41xxx.o(RESET) refers to startup_stm32f40_41xxx.o(.text) for Reset_Handler
    startup_stm32f40_41xxx.o(RESET) refers to stm32f4xx_it.o(.text) for NMI_Handler
    startup_stm32f40_41xxx.o(RESET) refers to usart.o(.text) for USART3_IRQHandler
    startup_stm32f40_41xxx.o(RESET) refers to usbd_usr.o(.text) for OTG_FS_IRQHandler
    startup_stm32f40_41xxx.o(.text) refers (Special) to heapauxi.o(.text) for __use_two_region_memory
    startup_stm32f40_41xxx.o(.text) refers to system_stm32f4xx.o(.text) for SystemInit
    startup_stm32f40_41xxx.o(.text) refers to __main.o(!!!main) for __main
    startup_stm32f40_41xxx.o(.text) refers to startup_stm32f40_41xxx.o(HEAP) for Heap_Mem
    startup_stm32f40_41xxx.o(.text) refers to startup_stm32f40_41xxx.o(STACK) for Stack_Mem
    stm32f4xx_adc.o(.text) refers to stm32f4xx_rcc.o(.text) for RCC_APB2PeriphResetCmd
    stm32f4xx_can.o(.text) refers to stm32f4xx_rcc.o(.text) for RCC_APB1PeriphResetCmd
    stm32f4xx_cryp.o(.text) refers to stm32f4xx_rcc.o(.text) for RCC_AHB2PeriphResetCmd
    stm32f4xx_cryp_aes.o(.text) refers to stm32f4xx_cryp.o(.text) for CRYP_KeyStructInit
    stm32f4xx_cryp_des.o(.text) refers to stm32f4xx_cryp.o(.text) for CRYP_KeyStructInit
    stm32f4xx_cryp_tdes.o(.text) refers to stm32f4xx_cryp.o(.text) for CRYP_KeyStructInit
    stm32f4xx_dac.o(.text) refers to stm32f4xx_rcc.o(.text) for RCC_APB1PeriphResetCmd
    stm32f4xx_dma2d.o(.text) refers to stm32f4xx_rcc.o(.text) for RCC_AHB1PeriphResetCmd
    stm32f4xx_fsmc.o(.text) refers to stm32f4xx_fsmc.o(.constdata) for FSMC_DefaultTimingStruct
    stm32f4xx_gpio.o(.text) refers to stm32f4xx_rcc.o(.text) for RCC_AHB1PeriphResetCmd
    stm32f4xx_hash.o(.text) refers to stm32f4xx_rcc.o(.text) for RCC_AHB2PeriphResetCmd
    stm32f4xx_hash_md5.o(.text) refers to stm32f4xx_hash.o(.text) for HASH_DeInit
    stm32f4xx_hash_sha1.o(.text) refers to stm32f4xx_hash.o(.text) for HASH_DeInit
    stm32f4xx_i2c.o(.text) refers to stm32f4xx_rcc.o(.text) for RCC_APB1PeriphResetCmd
    stm32f4xx_ltdc.o(.text) refers to stm32f4xx_rcc.o(.text) for RCC_APB2PeriphResetCmd
    stm32f4xx_pwr.o(.text) refers to stm32f4xx_rcc.o(.text) for RCC_APB1PeriphResetCmd
    stm32f4xx_rcc.o(.text) refers to stm32f4xx_rcc.o(.data) for APBAHBPrescTable
    stm32f4xx_rng.o(.text) refers to stm32f4xx_rcc.o(.text) for RCC_AHB2PeriphResetCmd
    stm32f4xx_sai.o(.text) refers to stm32f4xx_rcc.o(.text) for RCC_APB2PeriphResetCmd
    stm32f4xx_sdio.o(.text) refers to stm32f4xx_rcc.o(.text) for RCC_APB2PeriphResetCmd
    stm32f4xx_spi.o(.text) refers to stm32f4xx_rcc.o(.text) for RCC_APB2PeriphResetCmd
    stm32f4xx_syscfg.o(.text) refers to stm32f4xx_rcc.o(.text) for RCC_APB2PeriphResetCmd
    stm32f4xx_tim.o(.text) refers to stm32f4xx_rcc.o(.text) for RCC_APB2PeriphResetCmd
    stm32f4xx_usart.o(.text) refers to stm32f4xx_rcc.o(.text) for RCC_APB2PeriphResetCmd
    stm32f4xx_wwdg.o(.text) refers to stm32f4xx_rcc.o(.text) for RCC_APB1PeriphResetCmd
    delay.o(.text) refers to misc.o(.text) for SysTick_CLKSourceConfig
    delay.o(.text) refers to delay.o(.data) for fac_us
    usart.o(.rev16_text) refers (Special) to use_no_semi_2.o(.text) for __use_no_semihosting
    usart.o(.revsh_text) refers (Special) to use_no_semi_2.o(.text) for __use_no_semihosting
    usart.o(.text) refers (Special) to use_no_semi_2.o(.text) for __use_no_semihosting
    usart.o(.text) refers to stm32f4xx_rcc.o(.text) for RCC_AHB1PeriphClockCmd
    usart.o(.text) refers to stm32f4xx_gpio.o(.text) for GPIO_PinAFConfig
    usart.o(.text) refers to stm32f4xx_usart.o(.text) for USART_Init
[...]
    Removing usbd_usr.o(.rev16_text), (4 bytes).
    Removing usbd_usr.o(.revsh_text), (4 bytes).
    Removing usbd_core.o(.rev16_text), (4 bytes).
    Removing usbd_core.o(.revsh_text), (4 bytes).
    Removing usbd_ioreq.o(.rev16_text), (4 bytes).
    Removing usbd_ioreq.o(.revsh_text), (4 bytes).
    Removing usbd_req.o(.rev16_text), (4 bytes).
    Removing usbd_req.o(.revsh_text), (4 bytes).
    Removing usbd_cdc_core.o(.rev16_text), (4 bytes).
    Removing usbd_cdc_core.o(.revsh_text), (4 bytes).
    Removing usb_core.o(.rev16_text), (4 bytes).
    Removing usb_core.o(.revsh_text), (4 bytes).
    Removing usb_dcd.o(.rev16_text), (4 bytes).
    Removing usb_dcd.o(.revsh_text), (4 bytes).
    Removing usb_dcd_int.o(.rev16_text), (4 bytes).
    Removing usb_dcd_int.o(.revsh_text), (4 bytes).
    Removing led.o(.rev16_text), (4 bytes).
    Removing led.o(.revsh_text), (4 bytes).

138 unused section(s) (total 31116 bytes) removed from the image.

==============================================================================

Image Symbol Table

    Local Symbols

    Symbol Name                              Value     Ov Type        Size  Object(Section)

    ../clib/angel/boardlib.s                 0x00000000   Number         0  boardshut.o ABSOLUTE
    ../clib/angel/boardlib.s                 0x00000000   Number         0  boardinit3.o ABSOLUTE
    ../clib/angel/boardlib.s                 0x00000000   Number         0  boardinit2.o ABSOLUTE
    ../clib/angel/boardlib.s                 0x00000000   Number         0  boardinit1.o ABSOLUTE
    ../clib/angel/dczerorl2.s                0x00000000   Number         0  __dczerorl2.o ABSOLUTE
    ../clib/angel/handlers.s                 0x00000000   Number         0  __scatter_zi.o ABSOLUTE
    ../clib/angel/kernel.s                   0x00000000   Number         0  __rtentry4.o ABSOLUTE
    ../clib/angel/kernel.s                   0x00000000   Number         0  rtexit.o ABSOLUTE
    ../clib/angel/kernel.s                   0x00000000   Number         0  rtexit2.o ABSOLUTE
    ../clib/angel/kernel.s                   0x00000000   Number         0  __rtentry2.o ABSOLUTE
    ../clib/angel/kernel.s                   0x00000000   Number         0  __rtentry.o ABSOLUTE
    ../clib/angel/rt.s                       0x00000000   Number         0  rt_raise.o ABSOLUTE
    ../clib/angel/scatter.s                  0x00000000   Number         0  __scatter.o ABSOLUTE
    ../clib/angel/startup.s                  0x00000000   Number         0  __main.o ABSOLUTE
    ../clib/angel/sys.s                      0x00000000   Number         0  use_no_semi_2.o ABSOLUTE
    ../clib/angel/sys.s                      0x00000000   Number         0  libspace.o ABSOLUTE
    ../clib/angel/sys.s                      0x00000000   Number         0  indicate_semi.o ABSOLUTE
    ../clib/angel/sys.s                      0x00000000   Number         0  sys_stackheap_outer.o ABSOLUTE
    ../clib/angel/sys.s                      0x00000000   Number         0  use_no_semi.o ABSOLUTE
    ../clib/angel/sysapp.c                   0x00000000   Number         0  sys_command.o ABSOLUTE
    ../clib/angel/sysapp.c                   0x00000000   Number         0  sys_wrch.o ABSOLUTE
    ../clib/armsys.c                         0x00000000   Number         0  no_argv.o ABSOLUTE
    ../clib/armsys.c                         0x00000000   Number         0  argv_veneer.o ABSOLUTE
    ../clib/armsys.c                         0x00000000   Number         0  _get_argv_nomalloc.o ABSOLUTE
    ../clib/armsys.c                         0x00000000   Number         0  argv_veneer.o ABSOLUTE
    ../clib/heapalloc.c                      0x00000000   Number         0  hrguard.o ABSOLUTE
    ../clib/heapaux.c                        0x00000000   Number         0  heapauxi.o ABSOLUTE
    ../clib/libinit.s                        0x00000000   Number         0  libshutdown.o ABSOLUTE
    ../clib/libinit.s                        0x00000000   Number         0  libinit.o ABSOLUTE
    ../clib/libinit.s                        0x00000000   Number         0  libinit2.o ABSOLUTE
    ../clib/libinit.s                        0x00000000   Number         0  libshutdown2.o ABSOLUTE
    ../clib/printf.c                         0x00000000   Number         0  __printf_nopercent.o ABSOLUTE
    ../clib/printf.c                         0x00000000   Number         0  _printf_char_common.o ABSOLUTE
    ../clib/printf.c                         0x00000000   Number         0  __2printf.o ABSOLUTE
    ../clib/printf.c                         0x00000000   Number         0  _printf_char_file.o ABSOLUTE
    ../clib/printf.c                         0x00000000   Number         0  noretval__2printf.o ABSOLUTE
    ../clib/signal.c                         0x00000000   Number         0  defsig_general.o ABSOLUTE
    ../clib/signal.c                         0x00000000   Number         0  __raise.o ABSOLUTE
    ../clib/signal.c                         0x00000000   Number         0  defsig_rtmem_inner.o ABSOLUTE
    ../clib/signal.c                         0x00000000   Number         0  defsig_rtmem_formal.o ABSOLUTE
    ../clib/signal.c                         0x00000000   Number         0  defsig_rtmem_outer.o ABSOLUTE
    ../clib/signal.c                         0x00000000   Number         0  defsig_exit.o ABSOLUTE
    ../clib/signal.c                         0x00000000   Number         0  defsig_stak_inner.o ABSOLUTE
    ../clib/signal.c                         0x00000000   Number         0  defsig_other.o ABSOLUTE
    ../clib/signal.c                         0x00000000   Number         0  defsig_segv_inner.o ABSOLUTE
    ../clib/signal.c                         0x00000000   Number         0  defsig_cppl_inner.o ABSOLUTE
    ../clib/signal.c                         0x00000000   Number         0  defsig_pvfn_inner.o ABSOLUTE
    ../clib/signal.c                         0x00000000   Number         0  defsig_rtred_inner.o ABSOLUTE
    ../clib/signal.c                         0x00000000   Number         0  defsig_fpe_inner.o ABSOLUTE
    ../clib/signal.c                         0x00000000   Number         0  defsig_abrt_inner.o ABSOLUTE
    ../clib/signal.s                         0x00000000   Number         0  defsig.o ABSOLUTE
    ../clib/stdio.c                          0x00000000   Number         0  ferror_locked.o ABSOLUTE
    ../clib/stdio.c                          0x00000000   Number         0  ferror.o ABSOLUTE
    ../clib/stdlib.c                         0x00000000   Number         0  exit.o ABSOLUTE
    ../fplib/fpinit.s                        0x00000000   Number         0  fpinit.o ABSOLUTE
    ..\CORE\startup_stm32f40_41xxx.s         0x00000000   Number         0  startup_stm32f40_41xxx.o ABSOLUTE
    ..\FWLIB\src\misc.c                      0x00000000   Number         0  misc.o ABSOLUTE
    ..\FWLIB\src\stm32f4xx_adc.c             0x00000000   Number         0  stm32f4xx_adc.o ABSOLUTE
    ..\FWLIB\src\stm32f4xx_can.c             0x00000000   Number         0  stm32f4xx_can.o ABSOLUTE
    ..\FWLIB\src\stm32f4xx_crc.c             0x00000000   Number         0  stm32f4xx_crc.o ABSOLUTE
    ..\FWLIB\src\stm32f4xx_cryp.c            0x00000000   Number         0  stm32f4xx_cryp.o ABSOLUTE
    ..\FWLIB\src\stm32f4xx_cryp_aes.c        0x00000000   Number         0  stm32f4xx_cryp_aes.o ABSOLUTE
    ..\FWLIB\src\stm32f4xx_cryp_des.c        0x00000000   Number         0  stm32f4xx_cryp_des.o ABSOLUTE
    ..\FWLIB\src\stm32f4xx_cryp_tdes.c       0x00000000   Number         0  stm32f4xx_cryp_tdes.o ABSOLUTE
    ..\FWLIB\src\stm32f4xx_dac.c             0x00000000   Number         0  stm32f4xx_dac.o ABSOLUTE
    ..\FWLIB\src\stm32f4xx_dbgmcu.c          0x00000000   Number         0  stm32f4xx_dbgmcu.o ABSOLUTE
    ..\FWLIB\src\stm32f4xx_dcmi.c            0x00000000   Number         0  stm32f4xx_dcmi.o ABSOLUTE
    ..\FWLIB\src\stm32f4xx_dma.c             0x00000000   Number         0  stm32f4xx_dma.o ABSOLUTE
    ..\FWLIB\src\stm32f4xx_dma2d.c           0x00000000   Number         0  stm32f4xx_dma2d.o ABSOLUTE
    ..\FWLIB\src\stm32f4xx_exti.c            0x00000000   Number         0  stm32f4xx_exti.o ABSOLUTE
    ..\FWLIB\src\stm32f4xx_flash.c           0x00000000   Number         0  stm32f4xx_flash.o ABSOLUTE
    ..\FWLIB\src\stm32f4xx_flash_ramfunc.c   0x00000000   Number         0  stm32f4xx_flash_ramfunc.o ABSOLUTE
    ..\FWLIB\src\stm32f4xx_fsmc.c            0x00000000   Number         0  stm32f4xx_fsmc.o ABSOLUTE
    ..\FWLIB\src\stm32f4xx_gpio.c            0x00000000   Number         0  stm32f4xx_gpio.o ABSOLUTE
    ..\FWLIB\src\stm32f4xx_hash.c            0x00000000   Number         0  stm32f4xx_hash.o ABSOLUTE
    ..\FWLIB\src\stm32f4xx_hash_md5.c        0x00000000   Number         0  stm32f4xx_hash_md5.o ABSOLUTE
    ..\FWLIB\src\stm32f4xx_hash_sha1.c       0x00000000   Number         0  stm32f4xx_hash_sha1.o ABSOLUTE
    ..\FWLIB\src\stm32f4xx_i2c.c             0x00000000   Number         0  stm32f4xx_i2c.o ABSOLUTE
    ..\FWLIB\src\stm32f4xx_iwdg.c            0x00000000   Number         0  stm32f4xx_iwdg.o ABSOLUTE
    ..\FWLIB\src\stm32f4xx_ltdc.c            0x00000000   Number         0  stm32f4xx_ltdc.o ABSOLUTE
    ..\FWLIB\src\stm32f4xx_pwr.c             0x00000000   Number         0  stm32f4xx_pwr.o ABSOLUTE
    ..\FWLIB\src\stm32f4xx_rcc.c             0x00000000   Number         0  stm32f4xx_rcc.o ABSOLUTE
    ..\FWLIB\src\stm32f4xx_rng.c             0x00000000   Number         0  stm32f4xx_rng.o ABSOLUTE
    ..\FWLIB\src\stm32f4xx_rtc.c             0x00000000   Number         0  stm32f4xx_rtc.o ABSOLUTE
    ..\FWLIB\src\stm32f4xx_sai.c             0x00000000   Number         0  stm32f4xx_sai.o ABSOLUTE
    ..\FWLIB\src\stm32f4xx_sdio.c            0x00000000   Number         0  stm32f4xx_sdio.o ABSOLUTE
    ..\FWLIB\src\stm32f4xx_spi.c             0x00000000   Number         0  stm32f4xx_spi.o ABSOLUTE
    ..\FWLIB\src\stm32f4xx_syscfg.c          0x00000000   Number         0  stm32f4xx_syscfg.o ABSOLUTE
    ..\FWLIB\src\stm32f4xx_tim.c             0x00000000   Number         0  stm32f4xx_tim.o ABSOLUTE
    ..\FWLIB\src\stm32f4xx_usart.c           0x00000000   Number         0  stm32f4xx_usart.o ABSOLUTE
    ..\FWLIB\src\stm32f4xx_wwdg.c            0x00000000   Number         0  stm32f4xx_wwdg.o ABSOLUTE
    ..\LED\led.c                             0x00000000   Number         0  led.o ABSOLUTE
    ..\Libraries\STM32_USB_Device_Library\Class\cdc\src\usbd_cdc_core.c 0x00000000   Number         0  usbd_cdc_core.o ABSOLUTE
    ..\Libraries\STM32_USB_Device_Library\Core\src\usbd_core.c 0x00000000   Number         0  usbd_core.o ABSOLUTE
    ..\Libraries\STM32_USB_Device_Library\Core\src\usbd_ioreq.c 0x00000000   Number         0  usbd_ioreq.o ABSOLUTE
    ..\Libraries\STM32_USB_Device_Library\Core\src\usbd_req.c 0x00000000   Number         0  usbd_req.o ABSOLUTE
    ..\Libraries\STM32_USB_OTG_Driver\src\usb_core.c 0x00000000   Number         0  usb_core.o ABSOLUTE
    ..\Libraries\STM32_USB_OTG_Driver\src\usb_dcd.c 0x00000000   Number         0  usb_dcd.o ABSOLUTE
    ..\Libraries\STM32_USB_OTG_Driver\src\usb_dcd_int.c 0x00000000   Number         0  usb_dcd_int.o ABSOLUTE
    ..\Libraries\USB_APP\usb_bsp.c           0x00000000   Number         0  usb_bsp.o ABSOLUTE
    ..\Libraries\USB_APP\usbd_cdc_vcp.c      0x00000000   Number         0  usbd_cdc_vcp.o ABSOLUTE
    ..\Libraries\USB_APP\usbd_desc.c         0x00000000   Number         0  usbd_desc.o ABSOLUTE
    ..\Libraries\USB_APP\usbd_usr.c          0x00000000   Number         0  usbd_usr.o ABSOLUTE
    ..\SYSTEM\delay\delay.c                  0x00000000   Number         0  delay.o ABSOLUTE
    ..\SYSTEM\sys\sys.c                      0x00000000   Number         0  sys.o ABSOLUTE
    ..\SYSTEM\usart\usart.c                  0x00000000   Number         0  usart.o ABSOLUTE
    ..\\FWLIB\\src\\misc.c                   0x00000000   Number         0  misc.o ABSOLUTE
    ..\\FWLIB\\src\\stm32f4xx_adc.c          0x00000000   Number         0  stm32f4xx_adc.o ABSOLUTE
    ..\\FWLIB\\src\\stm32f4xx_can.c          0x00000000   Number         0  stm32f4xx_can.o ABSOLUTE
    ..\\FWLIB\\src\\stm32f4xx_crc.c          0x00000000   Number         0  stm32f4xx_crc.o ABSOLUTE
    ..\\FWLIB\\src\\stm32f4xx_cryp.c         0x00000000   Number         0  stm32f4xx_cryp.o ABSOLUTE
    ..\\FWLIB\\src\\stm32f4xx_cryp_aes.c     0x00000000   Number         0  stm32f4xx_cryp_aes.o ABSOLUTE
    ..\\FWLIB\\src\\stm32f4xx_cryp_des.c     0x00000000   Number         0  stm32f4xx_cryp_des.o ABSOLUTE
    ..\\FWLIB\\src\\stm32f4xx_cryp_tdes.c    0x00000000   Number         0  stm32f4xx_cryp_tdes.o ABSOLUTE
    ..\\FWLIB\\src\\stm32f4xx_dac.c          0x00000000   Number         0  stm32f4xx_dac.o ABSOLUTE
    ..\\FWLIB\\src\\stm32f4xx_dbgmcu.c       0x00000000   Number         0  stm32f4xx_dbgmcu.o ABSOLUTE
    ..\\FWLIB\\src\\stm32f4xx_dcmi.c         0x00000000   Number         0  stm32f4xx_dcmi.o ABSOLUTE
    ..\\FWLIB\\src\\stm32f4xx_dma.c          0x00000000   Number         0  stm32f4xx_dma.o ABSOLUTE
    ..\\FWLIB\\src\\stm32f4xx_dma2d.c        0x00000000   Number         0  stm32f4xx_dma2d.o ABSOLUTE
    ..\\FWLIB\\src\\stm32f4xx_exti.c         0x00000000   Number         0  stm32f4xx_exti.o ABSOLUTE
    ..\\FWLIB\\src\\stm32f4xx_flash.c        0x00000000   Number         0  stm32f4xx_flash.o ABSOLUTE
    ..\\FWLIB\\src\\stm32f4xx_flash_ramfunc.c 0x00000000   Number         0  stm32f4xx_flash_ramfunc.o ABSOLUTE
    ..\\FWLIB\\src\\stm32f4xx_fsmc.c         0x00000000   Number         0  stm32f4xx_fsmc.o ABSOLUTE
    ..\\FWLIB\\src\\stm32f4xx_gpio.c         0x00000000   Number         0  stm32f4xx_gpio.o ABSOLUTE
    ..\\FWLIB\\src\\stm32f4xx_hash.c         0x00000000   Number         0  stm32f4xx_hash.o ABSOLUTE
    ..\\FWLIB\\src\\stm32f4xx_hash_md5.c     0x00000000   Number         0  stm32f4xx_hash_md5.o ABSOLUTE
    ..\\FWLIB\\src\\stm32f4xx_hash_sha1.c    0x00000000   Number         0  stm32f4xx_hash_sha1.o ABSOLUTE
    ..\\FWLIB\\src\\stm32f4xx_i2c.c          0x00000000   Number         0  stm32f4xx_i2c.o ABSOLUTE
    ..\\FWLIB\\src\\stm32f4xx_iwdg.c         0x00000000   Number         0  stm32f4xx_iwdg.o ABSOLUTE
    ..\\FWLIB\\src\\stm32f4xx_ltdc.c         0x00000000   Number         0  stm32f4xx_ltdc.o ABSOLUTE
    ..\\FWLIB\\src\\stm32f4xx_pwr.c          0x00000000   Number         0  stm32f4xx_pwr.o ABSOLUTE
    ..\\FWLIB\\src\\stm32f4xx_rcc.c          0x00000000   Number         0  stm32f4xx_rcc.o ABSOLUTE
    ..\\FWLIB\\src\\stm32f4xx_rng.c          0x00000000   Number         0  stm32f4xx_rng.o ABSOLUTE
    ..\\FWLIB\\src\\stm32f4xx_rtc.c          0x00000000   Number         0  stm32f4xx_rtc.o ABSOLUTE
    ..\\FWLIB\\src\\stm32f4xx_sai.c          0x00000000   Number         0  stm32f4xx_sai.o ABSOLUTE
    ..\\FWLIB\\src\\stm32f4xx_sdio.c         0x00000000   Number         0  stm32f4xx_sdio.o ABSOLUTE
    ..\\FWLIB\\src\\stm32f4xx_spi.c          0x00000000   Number         0  stm32f4xx_spi.o ABSOLUTE
    ..\\FWLIB\\src\\stm32f4xx_syscfg.c       0x00000000   Number         0  stm32f4xx_syscfg.o ABSOLUTE
    ..\\FWLIB\\src\\stm32f4xx_tim.c          0x00000000   Number         0  stm32f4xx_tim.o ABSOLUTE
    ..\\FWLIB\\src\\stm32f4xx_usart.c        0x00000000   Number         0  stm32f4xx_usart.o ABSOLUTE
    ..\\FWLIB\\src\\stm32f4xx_wwdg.c         0x00000000   Number         0  stm32f4xx_wwdg.o ABSOLUTE
    ..\\LED\\led.c                           0x00000000   Number         0  led.o ABSOLUTE
    ..\\Libraries\\STM32_USB_Device_Library\\Class\\cdc\\src\\usbd_cdc_core.c 0x00000000   Number         0  usbd_cdc_core.o ABSOLUTE
    ..\\Libraries\\STM32_USB_Device_Library\\Core\\src\\usbd_core.c 0x00000000   Number         0  usbd_core.o ABSOLUTE
    ..\\Libraries\\STM32_USB_Device_Library\\Core\\src\\usbd_ioreq.c 0x00000000   Number         0  usbd_ioreq.o ABSOLUTE
    ..\\Libraries\\STM32_USB_Device_Library\\Core\\src\\usbd_req.c 0x00000000   Number         0  usbd_req.o ABSOLUTE
    ..\\Libraries\\STM32_USB_OTG_Driver\\src\\usb_core.c 0x00000000   Number         0  usb_core.o ABSOLUTE
    ..\\Libraries\\STM32_USB_OTG_Driver\\src\\usb_dcd.c 0x00000000   Number         0  usb_dcd.o ABSOLUTE
    ..\\Libraries\\STM32_USB_OTG_Driver\\src\\usb_dcd_int.c 0x00000000   Number         0  usb_dcd_int.o ABSOLUTE
    ..\\Libraries\\USB_APP\\usb_bsp.c        0x00000000   Number         0  usb_bsp.o ABSOLUTE
    ..\\Libraries\\USB_APP\\usbd_cdc_vcp.c   0x00000000   Number         0  usbd_cdc_vcp.o ABSOLUTE
    ..\\Libraries\\USB_APP\\usbd_desc.c      0x00000000   Number         0  usbd_desc.o ABSOLUTE
    ..\\Libraries\\USB_APP\\usbd_usr.c       0x00000000   Number         0  usbd_usr.o ABSOLUTE
    ..\\SYSTEM\\delay\\delay.c               0x00000000   Number         0  delay.o ABSOLUTE
    ..\\SYSTEM\\sys\\sys.c                   0x00000000   Number         0  sys.o ABSOLUTE
    ..\\SYSTEM\\usart\\usart.c               0x00000000   Number         0  usart.o ABSOLUTE
    dc.s                                     0x00000000   Number         0  dc.o ABSOLUTE
    main.c                                   0x00000000   Number         0  main.o ABSOLUTE
    main.c                                   0x00000000   Number         0  main.o ABSOLUTE
    stm32f4xx_it.c                           0x00000000   Number         0  stm32f4xx_it.o ABSOLUTE
    stm32f4xx_it.c                           0x00000000   Number         0  stm32f4xx_it.o ABSOLUTE
    system_stm32f4xx.c                       0x00000000   Number         0  system_stm32f4xx.o ABSOLUTE
    system_stm32f4xx.c                       0x00000000   Number         0  system_stm32f4xx.o ABSOLUTE
    RESET                                    0x08000000   Section      392  startup_stm32f40_41xxx.o(RESET)
    !!!main                                  0x08000188   Section        8  __main.o(!!!main)
    !!!scatter                               0x08000190   Section       52  __scatter.o(!!!scatter)
    !!dczerorl2                              0x080001c4   Section       90  __dczerorl2.o(!!dczerorl2)
    !!handler_zi                             0x08000220   Section       28  __scatter_zi.o(!!handler_zi)
    .ARM.Collect$$libinit$$00000000          0x0800023c   Section        2  libinit.o(.ARM.Collect$$libinit$$00000000)
    .ARM.Collect$$libinit$$00000001          0x0800023e   Section        4  libinit2.o(.ARM.Collect$$libinit$$00000001)
    .ARM.Collect$$libinit$$00000004          0x08000242   Section        0  libinit2.o(.ARM.Collect$$libinit$$00000004)
    .ARM.Collect$$libinit$$0000000A          0x08000242   Section        0  libinit2.o(.ARM.Collect$$libinit$$0000000A)
    .ARM.Collect$$libinit$$0000000C          0x08000242   Section        0  libinit2.o(.ARM.Collect$$libinit$$0000000C)
    .ARM.Collect$$libinit$$0000000E          0x08000242   Section        0  libinit2.o(.ARM.Collect$$libinit$$0000000E)
    .ARM.Collect$$libinit$$00000011          0x08000242   Section        0  libinit2.o(.ARM.Collect$$libinit$$00000011)
    .ARM.Collect$$libinit$$00000013          0x08000242   Section        0  libinit2.o(.ARM.Collect$$libinit$$00000013)
    .ARM.Collect$$libinit$$00000015          0x08000242   Section        0  libinit2.o(.ARM.Collect$$libinit$$00000015)
    .ARM.Collect$$libinit$$00000017          0x08000242   Section        0  libinit2.o(.ARM.Collect$$libinit$$00000017)
    .ARM.Collect$$libinit$$00000019          0x08000242   Section        0  libinit2.o(.ARM.Collect$$libinit$$00000019)
    .ARM.Collect$$libinit$$0000001B          0x08000242   Section        0  libinit2.o(.ARM.Collect$$libinit$$0000001B)
    .ARM.Collect$$libinit$$0000001D          0x08000242   Section        0  libinit2.o(.ARM.Collect$$libinit$$0000001D)
    .ARM.Collect$$libinit$$0000001F          0x08000242   Section        0  libinit2.o(.ARM.Collect$$libinit$$0000001F)
    .ARM.Collect$$libinit$$00000021          0x08000242   Section        0  libinit2.o(.ARM.Collect$$libinit$$00000021)
    .ARM.Collect$$libinit$$00000023          0x08000242   Section        0  libinit2.o(.ARM.Collect$$libinit$$00000023)
    .ARM.Collect$$libinit$$00000025          0x08000242   Section        0  libinit2.o(.ARM.Collect$$libinit$$00000025)
    .ARM.Collect$$libinit$$0000002C          0x08000242   Section        0  libinit2.o(.ARM.Collect$$libinit$$0000002C)
    .ARM.Collect$$libinit$$0000002E          0x08000242   Section        0  libinit2.o(.ARM.Collect$$libinit$$0000002E)
    .ARM.Collect$$libinit$$00000030          0x08000242   Section        0  libinit2.o(.ARM.Collect$$libinit$$00000030)
    .ARM.Collect$$libinit$$00000032          0x08000242   Section        0  libinit2.o(.ARM.Collect$$libinit$$00000032)
    .ARM.Collect$$libinit$$00000033          0x08000242   Section        2  libinit2.o(.ARM.Collect$$libinit$$00000033)
    .ARM.Collect$$libshutdown$$00000000      0x08000244   Section        2  libshutdown.o(.ARM.Collect$$libshutdown$$00000000)
    .ARM.Collect$$libshutdown$$00000002      0x08000246   Section        0  libshutdown2.o(.ARM.Collect$$libshutdown$$00000002)
    .ARM.Collect$$libshutdown$$00000004      0x08000246   Section        0  libshutdown2.o(.ARM.Collect$$libshutdown$$00000004)
    .ARM.Collect$$libshutdown$$00000007      0x08000246   Section        0  libshutdown2.o(.ARM.Collect$$libshutdown$$00000007)
    .ARM.Collect$$libshutdown$$0000000A      0x08000246   Section        0  libshutdown2.o(.ARM.Collect$$libshutdown$$0000000A)
    .ARM.Collect$$libshutdown$$0000000C      0x08000246   Section        0  libshutdown2.o(.ARM.Collect$$libshutdown$$0000000C)
    .ARM.Collect$$libshutdown$$0000000F      0x08000246   Section        0  libshutdown2.o(.ARM.Collect$$libshutdown$$0000000F)
    .ARM.Collect$$libshutdown$$00000010      0x08000246   Section        2  libshutdown2.o(.ARM.Collect$$libshutdown$$00000010)
    .ARM.Collect$$rtentry$$00000000          0x08000248   Section        0  __rtentry.o(.ARM.Collect$$rtentry$$00000000)
    .ARM.Collect$$rtentry$$00000002          0x08000248   Section        0  __rtentry2.o(.ARM.Collect$$rtentry$$00000002)
    .ARM.Collect$$rtentry$$00000004          0x08000248   Section        6  __rtentry4.o(.ARM.Collect$$rtentry$$00000004)
    .ARM.Collect$$rtentry$$00000009          0x0800024e   Section        0  __rtentry2.o(.ARM.Collect$$rtentry$$00000009)
    .ARM.Collect$$rtentry$$0000000A          0x0800024e   Section        4  __rtentry2.o(.ARM.Collect$$rtentry$$0000000A)
    .ARM.Collect$$rtentry$$0000000C          0x08000252   Section        0  __rtentry2.o(.ARM.Collect$$rtentry$$0000000C)
    .ARM.Collect$$rtentry$$0000000D          0x08000252   Section        8  __rtentry2.o(.ARM.Collect$$rtentry$$0000000D)
    .ARM.Collect$$rtexit$$00000000           0x0800025a   Section        2  rtexit.o(.ARM.Collect$$rtexit$$00000000)
    .ARM.Collect$$rtexit$$00000002           0x0800025c   Section        0  rtexit2.o(.ARM.Collect$$rtexit$$00000002)
    .ARM.Collect$$rtexit$$00000003           0x0800025c   Section        4  rtexit2.o(.ARM.Collect$$rtexit$$00000003)
    .ARM.Collect$$rtexit$$00000004           0x08000260   Section        6  rtexit2.o(.ARM.Collect$$rtexit$$00000004)
    .text                                    0x08000268   Section        0  main.o(.text)
    .text                                    0x080002fc   Section        0  stm32f4xx_it.o(.text)
    .text                                    0x08000318   Section        0  system_stm32f4xx.o(.text)
    SetSysClock                              0x08000319   Thumb Code   220  system_stm32f4xx.o(.text)
    .text                                    0x08000528   Section       64  startup_stm32f40_41xxx.o(.text)
    $v0                                      0x08000528   Number         0  startup_stm32f40_41xxx.o(.text)
    .text                                    0x08000568   Section        0  misc.o(.text)
    .text                                    0x08000648   Section        0  stm32f4xx_gpio.o(.text)
    .text                                    0x080008dc   Section        0  stm32f4xx_iwdg.o(.text)
    .text                                    0x0800091c   Section        0  stm32f4xx_rcc.o(.text)
    .text                                    0x08000f78   Section        0  stm32f4xx_usart.o(.text)
    .text                                    0x080013cc   Section        0  delay.o(.text)
    .text                                    0x080014d0   Section        0  usart.o(.text)
    .text                                    0x080017b8   Section        0  usb_bsp.o(.text)
    .text                                    0x08001884   Section        0  usbd_desc.o(.text)
    .text                                    0x080019d8   Section        0  usbd_cdc_vcp.o(.text)
    VCP_Init                                 0x080019d9   Thumb Code     4  usbd_cdc_vcp.o(.text)
    VCP_DeInit                               0x080019dd   Thumb Code     4  usbd_cdc_vcp.o(.text)
    VCP_Ctrl                                 0x080019e1   Thumb Code    68  usbd_cdc_vcp.o(.text)
    VCP_DataTx                               0x08001a25   Thumb Code    80  usbd_cdc_vcp.o(.text)
    VCP_DataRx                               0x08001a75   Thumb Code    30  usbd_cdc_vcp.o(.text)
    .text                                    0x08001aa4   Section        0  usbd_usr.o(.text)
    .text                                    0x08001c38   Section        0  usbd_core.o(.text)
    USBD_SetupStage                          0x08001c81   Thumb Code    84  usbd_core.o(.text)
    USBD_DataOutStage                        0x08001cd5   Thumb Code   150  usbd_core.o(.text)
    USBD_RunTestMode                         0x08001d6b   Thumb Code    14  usbd_core.o(.text)
    USBD_DataInStage                         0x08001d79   Thumb Code   208  usbd_core.o(.text)
    USBD_Reset                               0x08001e49   Thumb Code    50  usbd_core.o(.text)
    USBD_Resume                              0x08001e7b   Thumb Code    30  usbd_core.o(.text)
    USBD_Suspend                             0x08001e99   Thumb Code    32  usbd_core.o(.text)
    USBD_SOF                                 0x08001eb9   Thumb Code    26  usbd_core.o(.text)
    USBD_IsoINIncomplete                     0x08001f07   Thumb Code    18  usbd_core.o(.text)
    USBD_IsoOUTIncomplete                    0x08001f19   Thumb Code    18  usbd_core.o(.text)
    .text                                    0x08001f30   Section        0  usbd_ioreq.o(.text)
    .text                                    0x08002024   Section        0  usbd_req.o(.text)
    USBD_ClrFeature                          0x08002043   Thumb Code    72  usbd_req.o(.text)
    USBD_SetFeature                          0x0800208b   Thumb Code   160  usbd_req.o(.text)
    USBD_GetStatus                           0x0800212b   Thumb Code    74  usbd_req.o(.text)
    USBD_GetConfig                           0x08002175   Thumb Code    78  usbd_req.o(.text)
    USBD_SetConfig                           0x080021c3   Thumb Code   204  usbd_req.o(.text)
    USBD_SetAddress                          0x0800228f   Thumb Code    92  usbd_req.o(.text)
    USBD_GetDescriptor                       0x080022eb   Thumb Code   290  usbd_req.o(.text)
    USBD_GetLen                              0x0800267b   Thumb Code    20  usbd_req.o(.text)
    .text                                    0x080026e4   Section        0  usbd_cdc_core.o(.text)
    usbd_cdc_Init                            0x080026e5   Thumb Code    74  usbd_cdc_core.o(.text)
    usbd_cdc_DeInit                          0x0800272f   Thumb Code    40  usbd_cdc_core.o(.text)
    usbd_cdc_Setup                           0x08002757   Thumb Code   216  usbd_cdc_core.o(.text)
    usbd_cdc_EP0_RxReady                     0x0800282f   Thumb Code    38  usbd_cdc_core.o(.text)
    usbd_cdc_DataIn                          0x08002855   Thumb Code   120  usbd_cdc_core.o(.text)
    usbd_cdc_DataOut                         0x080028cd   Thumb Code    48  usbd_cdc_core.o(.text)
    Handle_USBAsynchXfer                     0x080028fd   Thumb Code   182  usbd_cdc_core.o(.text)
    usbd_cdc_SOF                             0x080029b3   Thumb Code    36  usbd_cdc_core.o(.text)
    USBD_cdc_GetCfgDesc                      0x080029d7   Thumb Code    12  usbd_cdc_core.o(.text)
    .text                                    0x08002a1c   Section        0  usb_core.o(.text)
    USB_OTG_EnableCommonInt                  0x08002a1d   Thumb Code    52  usb_core.o(.text)
    USB_OTG_CoreReset                        0x08002a51   Thumb Code   108  usb_core.o(.text)
    .text                                    0x080039f2   Section        0  usb_dcd.o(.text)
    .text                                    0x08003d70   Section        0  usb_dcd_int.o(.text)
    DCD_IsoOUTIncomplete_ISR                 0x08003d71   Thumb Code    40  usb_dcd_int.o(.text)
    DCD_IsoINIncomplete_ISR                  0x08003d99   Thumb Code    40  usb_dcd_int.o(.text)
    DCD_HandleEnumDone_ISR                   0x08003dc1   Thumb Code   102  usb_dcd_int.o(.text)
    DCD_HandleUsbReset_ISR                   0x08003e27   Thumb Code   254  usb_dcd_int.o(.text)
    DCD_HandleRxStatusQueueLevel_ISR         0x08003f25   Thumb Code   176  usb_dcd_int.o(.text)
    DCD_HandleSof_ISR                        0x08003fd5   Thumb Code    38  usb_dcd_int.o(.text)
    DCD_HandleUSBSuspend_ISR                 0x08003ffb   Thumb Code   158  usb_dcd_int.o(.text)
    DCD_HandleResume_ISR                     0x08004099   Thumb Code   100  usb_dcd_int.o(.text)
    DCD_WriteEmptyTxFifo                     0x080040fd   Thumb Code   154  usb_dcd_int.o(.text)
    DCD_ReadDevInEP                          0x08004197   Thumb Code    40  usb_dcd_int.o(.text)
    DCD_HandleInEP_ISR                       0x080041bf   Thumb Code   320  usb_dcd_int.o(.text)
    DCD_HandleOutEP_ISR                      0x080042ff   Thumb Code   252  usb_dcd_int.o(.text)
    .text                                    0x080044e0   Section        0  led.o(.text)
    .text                                    0x08004520   Section        2  use_no_semi_2.o(.text)
    .text                                    0x08004524   Section        0  noretval__2printf.o(.text)
    .text                                    0x0800453c   Section        0  heapauxi.o(.text)
    .text                                    0x08004542   Section        2  use_no_semi.o(.text)
    .text                                    0x08004544   Section        0  _printf_char_file.o(.text)
    .text                                    0x08004568   Section        0  _printf_char_common.o(.text)
    _printf_input_char                       0x08004569   Thumb Code    10  _printf_char_common.o(.text)
    .text                                    0x08004598   Section        0  ferror.o(.text)
    .text                                    0x080045a0   Section       74  sys_stackheap_outer.o(.text)
    .text                                    0x080045ea   Section        0  __printf_nopercent.o(.text)
    .text                                    0x08004612   Section        0  exit.o(.text)
    .text                                    0x08004624   Section        8  libspace.o(.text)
    x$fpl$fpinit                             0x0800462c   Section       10  fpinit.o(x$fpl$fpinit)
    $v0                                      0x0800462c   Number         0  fpinit.o(x$fpl$fpinit)
    .data                                    0x20000000   Section       20  system_stm32f4xx.o(.data)
    .data                                    0x20000014   Section       16  stm32f4xx_rcc.o(.data)
    APBAHBPrescTable                         0x20000014   Data          16  stm32f4xx_rcc.o(.data)
    .data                                    0x20000024   Section        4  delay.o(.data)
    fac_us                                   0x20000024   Data           1  delay.o(.data)
    fac_ms                                   0x20000026   Data           2  delay.o(.data)
    .data                                    0x20000028   Section        6  usart.o(.data)
    .data                                    0x20000030   Section       60  usbd_desc.o(.data)
    .data                                    0x2000006c   Section       24  usbd_cdc_vcp.o(.data)
    .data                                    0x20000084   Section       28  usbd_usr.o(.data)
    .data                                    0x200000a0   Section       52  usbd_core.o(.data)
    .data                                    0x200000d4   Section       13  usbd_req.o(.data)
    cfgidx                                   0x200000e0   Data           1  usbd_req.o(.data)
    .data                                    0x200000e4   Section      152  usbd_cdc_core.o(.data)
    usbd_cdc_AltSet                          0x200000e4   Data           4  usbd_cdc_core.o(.data)
    cdcCmd                                   0x20000100   Data           4  usbd_cdc_core.o(.data)
    cdcLen                                   0x20000104   Data           4  usbd_cdc_core.o(.data)
    FrameCount                               0x20000178   Data           4  usbd_cdc_core.o(.data)
    .bss                                     0x2000017c   Section     1524  main.o(.bss)
    .bss                                     0x20000770   Section      200  usart.o(.bss)
    .bss                                     0x20000838   Section      255  usbd_req.o(.bss)
    .bss                                     0x20000937   Section     2179  usbd_cdc_core.o(.bss)
    .bss                                     0x200011bc   Section       96  libspace.o(.bss)
    HEAP                                     0x20001220   Section      512  startup_stm32f40_41xxx.o(HEAP)
    Heap_Mem                                 0x20001220   Data         512  startup_stm32f40_41xxx.o(HEAP)
    STACK                                    0x20001420   Section     1024  startup_stm32f40_41xxx.o(STACK)
    Stack_Mem                                0x20001420   Data        1024  startup_stm32f40_41xxx.o(STACK)
    __initial_sp                             0x20001820   Data           0  startup_stm32f40_41xxx.o(STACK)

    Global Symbols

    Symbol Name                              Value     Ov Type        Size  Object(Section)

    BuildAttributes$$THM_ISAv4$E$P$D$K$B$S$7EM$VFPi3$EXTD16$VFPS$VFMA$PE$A:L22UL41UL21$X:L11$S22US41US21$IEEE1$IW$USESV6$~STKCKD$USESV7$~SHL$OSPACE$ROPI$EBA8$UX$STANDARDLIB$REQ8$PRES8$EABIv2 0x00000000   Number         0  anon$$obj.o ABSOLUTE
    __ARM_use_no_argv                        0x00000000   Number         0  main.o ABSOLUTE
    __ARM_exceptions_init                     - Undefined Weak Reference
    __alloca_initialize                       - Undefined Weak Reference
    __arm_preinit_                            - Undefined Weak Reference
    __cpp_initialize__aeabi_                  - Undefined Weak Reference
    __cxa_finalize                            - Undefined Weak Reference
    __rt_locale                               - Undefined Weak Reference
    __sigvec_lookup                           - Undefined Weak Reference
    _atexit_init                              - Undefined Weak Reference
    _call_atexit_fns                          - Undefined Weak Reference
    _clock_init                               - Undefined Weak Reference
    _fp_trap_init                             - Undefined Weak Reference
    _fp_trap_shutdown                         - Undefined Weak Reference
    _get_lc_collate                           - Undefined Weak Reference
    _get_lc_ctype                             - Undefined Weak Reference
    _get_lc_monetary                          - Undefined Weak Reference
    _get_lc_numeric                           - Undefined Weak Reference
    _get_lc_time                              - Undefined Weak Reference
    _getenv_init                              - Undefined Weak Reference
    _handle_redirection                       - Undefined Weak Reference
    _init_alloc                               - Undefined Weak Reference
    _init_user_alloc                          - Undefined Weak Reference
    _initio                                   - Undefined Weak Reference
    _mutex_acquire                            - Undefined Weak Reference
    _mutex_release                            - Undefined Weak Reference
    _rand_init                                - Undefined Weak Reference
    _signal_finish                            - Undefined Weak Reference
    _signal_init                              - Undefined Weak Reference
    _terminate_alloc                          - Undefined Weak Reference
    _terminate_user_alloc                     - Undefined Weak Reference
    _terminateio                              - Undefined Weak Reference
    __Vectors_Size                           0x00000188   Number         0  startup_stm32f40_41xxx.o ABSOLUTE
    __Vectors                                0x08000000   Data           4  startup_stm32f40_41xxx.o(RESET)
    __Vectors_End                            0x08000188   Data           0  startup_stm32f40_41xxx.o(RESET)
    __main                                   0x08000189   Thumb Code     8  __main.o(!!!main)
    __scatterload                            0x08000191   Thumb Code     0  __scatter.o(!!!scatter)
    __scatterload_rt2                        0x08000191   Thumb Code    44  __scatter.o(!!!scatter)
    __scatterload_rt2_thumb_only             0x08000191   Thumb Code     0  __scatter.o(!!!scatter)
    __scatterload_null                       0x0800019f   Thumb Code     0  __scatter.o(!!!scatter)
    __decompress                             0x080001c5   Thumb Code    90  __dczerorl2.o(!!dczerorl2)
    __decompress1                            0x080001c5   Thumb Code     0  __dczerorl2.o(!!dczerorl2)
    __scatterload_zeroinit                   0x08000221   Thumb Code    28  __scatter_zi.o(!!handler_zi)
    __rt_lib_init                            0x0800023d   Thumb Code     0  libinit.o(.ARM.Collect$$libinit$$00000000)
    __rt_lib_init_fp_1                       0x0800023f   Thumb Code     0  libinit2.o(.ARM.Collect$$libinit$$00000001)
    __rt_lib_init_alloca_1                   0x08000243   Thumb Code     0  libinit2.o(.ARM.Collect$$libinit$$0000002E)
    __rt_lib_init_argv_1                     0x08000243   Thumb Code     0  libinit2.o(.ARM.Collect$$libinit$$0000002C)
    __rt_lib_init_atexit_1                   0x08000243   Thumb Code     0  libinit2.o(.ARM.Collect$$libinit$$0000001B)
    __rt_lib_init_clock_1                    0x08000243   Thumb Code     0  libinit2.o(.ARM.Collect$$libinit$$00000021)
    __rt_lib_init_cpp_1                      0x08000243   Thumb Code     0  libinit2.o(.ARM.Collect$$libinit$$00000032)
    __rt_lib_init_exceptions_1               0x08000243   Thumb Code     0  libinit2.o(.ARM.Collect$$libinit$$00000030)
    __rt_lib_init_fp_trap_1                  0x08000243   Thumb Code     0  libinit2.o(.ARM.Collect$$libinit$$0000001F)
    __rt_lib_init_getenv_1                   0x08000243   Thumb Code     0  libinit2.o(.ARM.Collect$$libinit$$00000023)
    __rt_lib_init_heap_1                     0x08000243   Thumb Code     0  libinit2.o(.ARM.Collect$$libinit$$0000000A)
    __rt_lib_init_lc_collate_1               0x08000243   Thumb Code     0  libinit2.o(.ARM.Collect$$libinit$$00000011)
    __rt_lib_init_lc_ctype_1                 0x08000243   Thumb Code     0  libinit2.o(.ARM.Collect$$libinit$$00000013)
    __rt_lib_init_lc_monetary_1              0x08000243   Thumb Code     0  libinit2.o(.ARM.Collect$$libinit$$00000015)
    __rt_lib_init_lc_numeric_1               0x08000243   Thumb Code     0  libinit2.o(.ARM.Collect$$libinit$$00000017)
    __rt_lib_init_lc_time_1                  0x08000243   Thumb Code     0  libinit2.o(.ARM.Collect$$libinit$$00000019)
    __rt_lib_init_preinit_1                  0x08000243   Thumb Code     0  libinit2.o(.ARM.Collect$$libinit$$00000004)
    __rt_lib_init_rand_1                     0x08000243   Thumb Code     0  libinit2.o(.ARM.Collect$$libinit$$0000000E)
    __rt_lib_init_return                     0x08000243   Thumb Code     0  libinit2.o(.ARM.Collect$$libinit$$00000033)
    __rt_lib_init_signal_1                   0x08000243   Thumb Code     0  libinit2.o(.ARM.Collect$$libinit$$0000001D)
    __rt_lib_init_stdio_1                    0x08000243   Thumb Code     0  libinit2.o(.ARM.Collect$$libinit$$00000025)
    __rt_lib_init_user_alloc_1               0x08000243   Thumb Code     0  libinit2.o(.ARM.Collect$$libinit$$0000000C)
    __rt_lib_shutdown                        0x08000245   Thumb Code     0  libshutdown.o(.ARM.Collect$$libshutdown$$00000000)
    __rt_lib_shutdown_cpp_1                  0x08000247   Thumb Code     0  libshutdown2.o(.ARM.Collect$$libshutdown$$00000002)
    __rt_lib_shutdown_fp_trap_1              0x08000247   Thumb Code     0  libshutdown2.o(.ARM.Collect$$libshutdown$$00000007)
    __rt_lib_shutdown_heap_1                 0x08000247   Thumb Code     0  libshutdown2.o(.ARM.Collect$$libshutdown$$0000000F)
    __rt_lib_shutdown_return                 0x08000247   Thumb Code     0  libshutdown2.o(.ARM.Collect$$libshutdown$$00000010)
    __rt_lib_shutdown_signal_1               0x08000247   Thumb Code     0  libshutdown2.o(.ARM.Collect$$libshutdown$$0000000A)
    __rt_lib_shutdown_stdio_1                0x08000247   Thumb Code     0  libshutdown2.o(.ARM.Collect$$libshutdown$$00000004)
    __rt_lib_shutdown_user_alloc_1           0x08000247   Thumb Code     0  libshutdown2.o(.ARM.Collect$$libshutdown$$0000000C)
    __rt_entry                               0x08000249   Thumb Code     0  __rtentry.o(.ARM.Collect$$rtentry$$00000000)
    __rt_entry_presh_1                       0x08000249   Thumb Code     0  __rtentry2.o(.ARM.Collect$$rtentry$$00000002)
    __rt_entry_sh                            0x08000249   Thumb Code     0  __rtentry4.o(.ARM.Collect$$rtentry$$00000004)
    __rt_entry_li                            0x0800024f   Thumb Code     0  __rtentry2.o(.ARM.Collect$$rtentry$$0000000A)
    __rt_entry_postsh_1                      0x0800024f   Thumb Code     0  __rtentry2.o(.ARM.Collect$$rtentry$$00000009)
    __rt_entry_main                          0x08000253   Thumb Code     0  __rtentry2.o(.ARM.Collect$$rtentry$$0000000D)
    __rt_entry_postli_1                      0x08000253   Thumb Code     0  __rtentry2.o(.ARM.Collect$$rtentry$$0000000C)
    __rt_exit                                0x0800025b   Thumb Code     0  rtexit.o(.ARM.Collect$$rtexit$$00000000)
    __rt_exit_ls                             0x0800025d   Thumb Code     0  rtexit2.o(.ARM.Collect$$rtexit$$00000003)
    __rt_exit_prels_1                        0x0800025d   Thumb Code     0  rtexit2.o(.ARM.Collect$$rtexit$$00000002)
    __rt_exit_exit                           0x08000261   Thumb Code     0  rtexit2.o(.ARM.Collect$$rtexit$$00000004)
    main                                     0x08000269   Thumb Code   100  main.o(.text)
    NMI_Handler                              0x080002fd   Thumb Code     2  stm32f4xx_it.o(.text)
    HardFault_Handler                        0x080002ff   Thumb Code     4  stm32f4xx_it.o(.text)
    MemManage_Handler                        0x08000303   Thumb Code     4  stm32f4xx_it.o(.text)
    BusFault_Handler                         0x08000307   Thumb Code     4  stm32f4xx_it.o(.text)
    UsageFault_Handler                       0x0800030b   Thumb Code     4  stm32f4xx_it.o(.text)
    SVC_Handler                              0x0800030f   Thumb Code     2  stm32f4xx_it.o(.text)
    DebugMon_Handler                         0x08000311   Thumb Code     2  stm32f4xx_it.o(.text)
    PendSV_Handler                           0x08000313   Thumb Code     2  stm32f4xx_it.o(.text)
    SysTick_Handler                          0x08000315   Thumb Code     2  stm32f4xx_it.o(.text)
    SystemInit                               0x080003f5   Thumb Code    88  system_stm32f4xx.o(.text)
    SystemCoreClockUpdate                    0x0800044d   Thumb Code   174  system_stm32f4xx.o(.text)
    Reset_Handler                            0x08000529   Thumb Code     8  startup_stm32f40_41xxx.o(.text)
    ADC_IRQHandler                           0x08000543   Thumb Code     0  startup_stm32f40_41xxx.o(.text)
    CAN1_RX0_IRQHandler                      0x08000543   Thumb Code     0  startup_stm32f40_41xxx.o(.text)
    CAN1_RX1_IRQHandler                      0x08000543   Thumb Code     0  startup_stm32f40_41xxx.o(.text)
    CAN1_SCE_IRQHandler                      0x08000543   Thumb Code     0  startup_stm32f40_41xxx.o(.text)
    CAN1_TX_IRQHandler                       0x08000543   Thumb Code     0  startup_stm32f40_41xxx.o(.text)
    CAN2_RX0_IRQHandler                      0x08000543   Thumb Code     0  startup_stm32f40_41xxx.o(.text)
    CAN2_RX1_IRQHandler                      0x08000543   Thumb Code     0  startup_stm32f40_41xxx.o(.text)
    CAN2_SCE_IRQHandler                      0x08000543   Thumb Code     0  startup_stm32f40_41xxx.o(.text)
    CAN2_TX_IRQHandler                       0x08000543   Thumb Code     0  startup_stm32f40_41xxx.o(.text)
    CRYP_IRQHandler                          0x08000543   Thumb Code     0  startup_stm32f40_41xxx.o(.text)
    DCMI_IRQHandler                          0x08000543   Thumb Code     0  startup_stm32f40_41xxx.o(.text)
    DMA1_Stream0_IRQHandler                  0x08000543   Thumb Code     0  startup_stm32f40_41xxx.o(.text)
    DMA1_Stream1_IRQHandler                  0x08000543   Thumb Code     0  startup_stm32f40_41xxx.o(.text)
    DMA1_Stream2_IRQHandler                  0x08000543   Thumb Code     0  startup_stm32f40_41xxx.o(.text)
    DMA1_Stream3_IRQHandler                  0x08000543   Thumb Code     0  startup_stm32f40_41xxx.o(.text)
    DMA1_Stream4_IRQHandler                  0x08000543   Thumb Code     0  startup_stm32f40_41xxx.o(.text)
    DMA1_Stream5_IRQHandler                  0x08000543   Thumb Code     0  startup_stm32f40_41xxx.o(.text)
    DMA1_Stream6_IRQHandler                  0x08000543   Thumb Code     0  startup_stm32f40_41xxx.o(.text)
    DMA1_Stream7_IRQHandler                  0x08000543   Thumb Code     0  startup_stm32f40_41xxx.o(.text)
    DMA2_Stream0_IRQHandler                  0x08000543   Thumb Code     0  startup_stm32f40_41xxx.o(.text)
    DMA2_Stream1_IRQHandler                  0x08000543   Thumb Code     0  startup_stm32f40_41xxx.o(.text)
    DMA2_Stream2_IRQHandler                  0x08000543   Thumb Code     0  startup_stm32f40_41xxx.o(.text)
    DMA2_Stream3_IRQHandler                  0x08000543   Thumb Code     0  startup_stm32f40_41xxx.o(.text)
    DMA2_Stream4_IRQHandler                  0x08000543   Thumb Code     0  startup_stm32f40_41xxx.o(.text)
    DMA2_Stream5_IRQHandler                  0x08000543   Thumb Code     0  startup_stm32f40_41xxx.o(.text)
    DMA2_Stream6_IRQHandler                  0x08000543   Thumb Code     0  startup_stm32f40_41xxx.o(.text)
    DMA2_Stream7_IRQHandler                  0x08000543   Thumb Code     0  startup_stm32f40_41xxx.o(.text)
    ETH_IRQHandler                           0x08000543   Thumb Code     0  startup_stm32f40_41xxx.o(.text)
    ETH_WKUP_IRQHandler                      0x08000543   Thumb Code     0  startup_stm32f40_41xxx.o(.text)
    EXTI0_IRQHandler                         0x08000543   Thumb Code     0  startup_stm32f40_41xxx.o(.text)
    EXTI15_10_IRQHandler                     0x08000543   Thumb Code     0  startup_stm32f40_41xxx.o(.text)
    EXTI1_IRQHandler                         0x08000543   Thumb Code     0  startup_stm32f40_41xxx.o(.text)
    EXTI2_IRQHandler                         0x08000543   Thumb Code     0  startup_stm32f40_41xxx.o(.text)
    EXTI3_IRQHandler                         0x08000543   Thumb Code     0  startup_stm32f40_41xxx.o(.text)
    EXTI4_IRQHandler                         0x08000543   Thumb Code     0  startup_stm32f40_41xxx.o(.text)
    EXTI9_5_IRQHandler                       0x08000543   Thumb Code     0  startup_stm32f40_41xxx.o(.text)
    FLASH_IRQHandler                         0x08000543   Thumb Code     0  startup_stm32f40_41xxx.o(.text)
    FPU_IRQHandler                           0x08000543   Thumb Code     0  startup_stm32f40_41xxx.o(.text)
    FSMC_IRQHandler                          0x08000543   Thumb Code     0  startup_stm32f40_41xxx.o(.text)
    HASH_RNG_IRQHandler                      0x08000543   Thumb Code     0  startup_stm32f40_41xxx.o(.text)
    I2C1_ER_IRQHandler                       0x08000543   Thumb Code     0  startup_stm32f40_41xxx.o(.text)
    I2C1_EV_IRQHandler                       0x08000543   Thumb Code     0  startup_stm32f40_41xxx.o(.text)
    I2C2_ER_IRQHandler                       0x08000543   Thumb Code     0  startup_stm32f40_41xxx.o(.text)
    I2C2_EV_IRQHandler                       0x08000543   Thumb Code     0  startup_stm32f40_41xxx.o(.text)
    I2C3_ER_IRQHandler                       0x08000543   Thumb Code     0  startup_stm32f40_41xxx.o(.text)
    I2C3_EV_IRQHandler                       0x08000543   Thumb Code     0  startup_stm32f40_41xxx.o(.text)
    OTG_FS_WKUP_IRQHandler                   0x08000543   Thumb Code     0  startup_stm32f40_41xxx.o(.text)
    OTG_HS_EP1_IN_IRQHandler                 0x08000543   Thumb Code     0  startup_stm32f40_41xxx.o(.text)
    OTG_HS_EP1_OUT_IRQHandler                0x08000543   Thumb Code     0  startup_stm32f40_41xxx.o(.text)
    OTG_HS_WKUP_IRQHandler                   0x08000543   Thumb Code     0  startup_stm32f40_41xxx.o(.text)
    PVD_IRQHandler                           0x08000543   Thumb Code     0  startup_stm32f40_41xxx.o(.text)
    RCC_IRQHandler                           0x08000543   Thumb Code     0  startup_stm32f40_41xxx.o(.text)
    RTC_Alarm_IRQHandler                     0x08000543   Thumb Code     0  startup_stm32f40_41xxx.o(.text)
    RTC_WKUP_IRQHandler                      0x08000543   Thumb Code     0  startup_stm32f40_41xxx.o(.text)
    SDIO_IRQHandler                          0x08000543   Thumb Code     0  startup_stm32f40_41xxx.o(.text)
    SPI1_IRQHandler                          0x08000543   Thumb Code     0  startup_stm32f40_41xxx.o(.text)
    SPI2_IRQHandler                          0x08000543   Thumb Code     0  startup_stm32f40_41xxx.o(.text)
    SPI3_IRQHandler                          0x08000543   Thumb Code     0  startup_stm32f40_41xxx.o(.text)
    TAMP_STAMP_IRQHandler                    0x08000543   Thumb Code     0  startup_stm32f40_41xxx.o(.text)
    TIM1_BRK_TIM9_IRQHandler                 0x08000543   Thumb Code     0  startup_stm32f40_41xxx.o(.text)
    TIM1_CC_IRQHandler                       0x08000543   Thumb Code     0  startup_stm32f40_41xxx.o(.text)
    TIM1_TRG_COM_TIM11_IRQHandler            0x08000543   Thumb Code     0  startup_stm32f40_41xxx.o(.text)
    TIM1_UP_TIM10_IRQHandler                 0x08000543   Thumb Code     0  startup_stm32f40_41xxx.o(.text)
    TIM2_IRQHandler                          0x08000543   Thumb Code     0  startup_stm32f40_41xxx.o(.text)
    TIM3_IRQHandler                          0x08000543   Thumb Code     0  startup_stm32f40_41xxx.o(.text)
    TIM4_IRQHandler                          0x08000543   Thumb Code     0  startup_stm32f40_41xxx.o(.text)
    TIM5_IRQHandler                          0x08000543   Thumb Code     0  startup_stm32f40_41xxx.o(.text)
    TIM6_DAC_IRQHandler                      0x08000543   Thumb Code     0  startup_stm32f40_41xxx.o(.text)
    TIM7_IRQHandler                          0x08000543   Thumb Code     0  startup_stm32f40_41xxx.o(.text)
    TIM8_BRK_TIM12_IRQHandler                0x08000543   Thumb Code     0  startup_stm32f40_41xxx.o(.text)
    TIM8_CC_IRQHandler                       0x08000543   Thumb Code     0  startup_stm32f40_41xxx.o(.text)
    TIM8_TRG_COM_TIM14_IRQHandler            0x08000543   Thumb Code     0  startup_stm32f40_41xxx.o(.text)
    TIM8_UP_TIM13_IRQHandler                 0x08000543   Thumb Code     0  startup_stm32f40_41xxx.o(.text)
    UART4_IRQHandler                         0x08000543   Thumb Code     0  startup_stm32f40_41xxx.o(.text)
    UART5_IRQHandler                         0x08000543   Thumb Code     0  startup_stm32f40_41xxx.o(.text)
    USART1_IRQHandler                        0x08000543   Thumb Code     0  startup_stm32f40_41xxx.o(.text)
    USART2_IRQHandler                        0x08000543   Thumb Code     0  startup_stm32f40_41xxx.o(.text)
    USART6_IRQHandler                        0x08000543   Thumb Code     0  startup_stm32f40_41xxx.o(.text)
    WWDG_IRQHandler                          0x08000543   Thumb Code     0  startup_stm32f40_41xxx.o(.text)
    __user_initial_stackheap                 0x08000545   Thumb Code     0  startup_stm32f40_41xxx.o(.text)
    NVIC_PriorityGroupConfig                 0x08000569   Thumb Code    10  misc.o(.text)
    NVIC_Init                                0x08000573   Thumb Code   106  misc.o(.text)
    NVIC_SetVectorTable                      0x080005dd   Thumb Code    14  misc.o(.text)
    NVIC_SystemLPConfig                      0x080005eb   Thumb Code    34  misc.o(.text)
    SysTick_CLKSourceConfig                  0x0800060d   Thumb Code    40  misc.o(.text)
    GPIO_DeInit                              0x08000649   Thumb Code   268  stm32f4xx_gpio.o(.text)
    GPIO_Init                                0x08000755   Thumb Code   144  stm32f4xx_gpio.o(.text)
    GPIO_StructInit                          0x080007e5   Thumb Code    18  stm32f4xx_gpio.o(.text)
    GPIO_PinLockConfig                       0x080007f7   Thumb Code    34  stm32f4xx_gpio.o(.text)
    GPIO_ReadInputDataBit                    0x08000819   Thumb Code    18  stm32f4xx_gpio.o(.text)
    GPIO_ReadInputData                       0x0800082b   Thumb Code     8  stm32f4xx_gpio.o(.text)
    GPIO_ReadOutputDataBit                   0x08000833   Thumb Code    18  stm32f4xx_gpio.o(.text)
    GPIO_ReadOutputData                      0x08000845   Thumb Code     8  stm32f4xx_gpio.o(.text)
    GPIO_SetBits                             0x0800084d   Thumb Code     4  stm32f4xx_gpio.o(.text)
    GPIO_ResetBits                           0x08000851   Thumb Code     4  stm32f4xx_gpio.o(.text)
    GPIO_WriteBit                            0x08000855   Thumb Code    10  stm32f4xx_gpio.o(.text)
    GPIO_Write                               0x0800085f   Thumb Code     4  stm32f4xx_gpio.o(.text)
    GPIO_ToggleBits                          0x08000863   Thumb Code     8  stm32f4xx_gpio.o(.text)
    GPIO_PinAFConfig                         0x0800086b   Thumb Code    70  stm32f4xx_gpio.o(.text)
    IWDG_WriteAccessCmd                      0x080008dd   Thumb Code     6  stm32f4xx_iwdg.o(.text)
    IWDG_SetPrescaler                        0x080008e3   Thumb Code     6  stm32f4xx_iwdg.o(.text)
    IWDG_SetReload                           0x080008e9   Thumb Code     6  stm32f4xx_iwdg.o(.text)
    IWDG_ReloadCounter                       0x080008ef   Thumb Code    10  stm32f4xx_iwdg.o(.text)
    IWDG_Enable                              0x080008f9   Thumb Code    10  stm32f4xx_iwdg.o(.text)
    IWDG_GetFlagStatus                       0x08000903   Thumb Code    20  stm32f4xx_iwdg.o(.text)
    RCC_DeInit                               0x0800091d   Thumb Code    82  stm32f4xx_rcc.o(.text)
    RCC_HSEConfig                            0x0800096f   Thumb Code    14  stm32f4xx_rcc.o(.text)
    RCC_GetFlagStatus                        0x0800097d   Thumb Code    60  stm32f4xx_rcc.o(.text)
    RCC_WaitForHSEStartUp                    0x080009b9   Thumb Code    56  stm32f4xx_rcc.o(.text)
    RCC_AdjustHSICalibrationValue            0x080009f1   Thumb Code    20  stm32f4xx_rcc.o(.text)
    RCC_HSICmd                               0x08000a05   Thumb Code     6  stm32f4xx_rcc.o(.text)
    RCC_LSEConfig                            0x08000a0b   Thumb Code    46  stm32f4xx_rcc.o(.text)
    RCC_LSICmd                               0x08000a39   Thumb Code     6  stm32f4xx_rcc.o(.text)
    RCC_PLLConfig                            0x08000a3f   Thumb Code    32  stm32f4xx_rcc.o(.text)
    RCC_PLLCmd                               0x08000a5f   Thumb Code     6  stm32f4xx_rcc.o(.text)
    RCC_PLLI2SConfig                         0x08000a65   Thumb Code    14  stm32f4xx_rcc.o(.text)
    RCC_PLLI2SCmd                            0x08000a73   Thumb Code     6  stm32f4xx_rcc.o(.text)
    RCC_PLLSAIConfig                         0x08000a79   Thumb Code    20  stm32f4xx_rcc.o(.text)
    RCC_PLLSAICmd                            0x08000a8d   Thumb Code     6  stm32f4xx_rcc.o(.text)
    RCC_ClockSecuritySystemCmd               0x08000a93   Thumb Code     6  stm32f4xx_rcc.o(.text)
    RCC_MCO1Config                           0x08000a99   Thumb Code    28  stm32f4xx_rcc.o(.text)
    RCC_MCO2Config                           0x08000ab5   Thumb Code    28  stm32f4xx_rcc.o(.text)
    RCC_SYSCLKConfig                         0x08000ad1   Thumb Code    20  stm32f4xx_rcc.o(.text)
    RCC_GetSYSCLKSource                      0x08000ae5   Thumb Code    12  stm32f4xx_rcc.o(.text)
    RCC_HCLKConfig                           0x08000af1   Thumb Code    20  stm32f4xx_rcc.o(.text)
    RCC_PCLK1Config                          0x08000b05   Thumb Code    20  stm32f4xx_rcc.o(.text)
    RCC_PCLK2Config                          0x08000b19   Thumb Code    22  stm32f4xx_rcc.o(.text)
    RCC_GetClocksFreq                        0x08000b2f   Thumb Code   222  stm32f4xx_rcc.o(.text)
    RCC_RTCCLKConfig                         0x08000c0d   Thumb Code    54  stm32f4xx_rcc.o(.text)
    RCC_RTCCLKCmd                            0x08000c43   Thumb Code     8  stm32f4xx_rcc.o(.text)
    RCC_BackupResetCmd                       0x08000c4b   Thumb Code     8  stm32f4xx_rcc.o(.text)
    RCC_I2SCLKConfig                         0x08000c53   Thumb Code     6  stm32f4xx_rcc.o(.text)
    RCC_SAIPLLI2SClkDivConfig                0x08000c59   Thumb Code    26  stm32f4xx_rcc.o(.text)
    RCC_SAIPLLSAIClkDivConfig                0x08000c73   Thumb Code    28  stm32f4xx_rcc.o(.text)
    RCC_SAIBlockACLKConfig                   0x08000c8f   Thumb Code    20  stm32f4xx_rcc.o(.text)
    RCC_SAIBlockBCLKConfig                   0x08000ca3   Thumb Code    20  stm32f4xx_rcc.o(.text)
    RCC_LTDCCLKDivConfig                     0x08000cb7   Thumb Code    20  stm32f4xx_rcc.o(.text)
    RCC_TIMCLKPresConfig                     0x08000ccb   Thumb Code     6  stm32f4xx_rcc.o(.text)
    RCC_AHB1PeriphClockCmd                   0x08000cd1   Thumb Code    34  stm32f4xx_rcc.o(.text)
    RCC_AHB2PeriphClockCmd                   0x08000cf3   Thumb Code    78  stm32f4xx_rcc.o(.text)
    RCC_AHB3PeriphClockCmd                   0x08000d41   Thumb Code    34  stm32f4xx_rcc.o(.text)
    RCC_APB1PeriphClockCmd                   0x08000d63   Thumb Code    34  stm32f4xx_rcc.o(.text)
    RCC_APB2PeriphClockCmd                   0x08000d85   Thumb Code    34  stm32f4xx_rcc.o(.text)
    RCC_AHB1PeriphResetCmd                   0x08000da7   Thumb Code    34  stm32f4xx_rcc.o(.text)
    RCC_AHB2PeriphResetCmd                   0x08000dc9   Thumb Code    34  stm32f4xx_rcc.o(.text)
    RCC_AHB3PeriphResetCmd                   0x08000deb   Thumb Code    34  stm32f4xx_rcc.o(.text)
    RCC_APB1PeriphResetCmd                   0x08000e0d   Thumb Code    34  stm32f4xx_rcc.o(.text)
    RCC_APB2PeriphResetCmd                   0x08000e2f   Thumb Code    34  stm32f4xx_rcc.o(.text)
    RCC_AHB1PeriphClockLPModeCmd             0x08000e51   Thumb Code    34  stm32f4xx_rcc.o(.text)
    RCC_AHB2PeriphClockLPModeCmd             0x08000e73   Thumb Code    34  stm32f4xx_rcc.o(.text)
    RCC_AHB3PeriphClockLPModeCmd             0x08000e95   Thumb Code    34  stm32f4xx_rcc.o(.text)
    RCC_APB1PeriphClockLPModeCmd             0x08000eb7   Thumb Code    34  stm32f4xx_rcc.o(.text)
    RCC_APB2PeriphClockLPModeCmd             0x08000ed9   Thumb Code    34  stm32f4xx_rcc.o(.text)
    RCC_LSEModeConfig                        0x08000efb   Thumb Code    40  stm32f4xx_rcc.o(.text)
    RCC_ITConfig                             0x08000f23   Thumb Code    34  stm32f4xx_rcc.o(.text)
    RCC_ClearFlag                            0x08000f45   Thumb Code    18  stm32f4xx_rcc.o(.text)
    RCC_GetITStatus                          0x08000f57   Thumb Code    22  stm32f4xx_rcc.o(.text)
    RCC_ClearITPendingBit                    0x08000f6d   Thumb Code     8  stm32f4xx_rcc.o(.text)
    USART_DeInit                             0x08000f79   Thumb Code   206  stm32f4xx_usart.o(.text)
    USART_Init                               0x08001047   Thumb Code   204  stm32f4xx_usart.o(.text)
    USART_StructInit                         0x08001113   Thumb Code    24  stm32f4xx_usart.o(.text)
    USART_ClockInit                          0x0800112b   Thumb Code    32  stm32f4xx_usart.o(.text)
    USART_ClockStructInit                    0x0800114b   Thumb Code    12  stm32f4xx_usart.o(.text)
    USART_Cmd                                0x08001157   Thumb Code    24  stm32f4xx_usart.o(.text)
    USART_SetPrescaler                       0x0800116f   Thumb Code    16  stm32f4xx_usart.o(.text)
    USART_OverSampling8Cmd                   0x0800117f   Thumb Code    22  stm32f4xx_usart.o(.text)
    USART_OneBitMethodCmd                    0x08001195   Thumb Code    24  stm32f4xx_usart.o(.text)
    USART_SendData                           0x080011ad   Thumb Code     8  stm32f4xx_usart.o(.text)
    USART_ReceiveData                        0x080011b5   Thumb Code    10  stm32f4xx_usart.o(.text)
    USART_SetAddress                         0x080011bf   Thumb Code    18  stm32f4xx_usart.o(.text)
    USART_ReceiverWakeUpCmd                  0x080011d1   Thumb Code    24  stm32f4xx_usart.o(.text)
    USART_WakeUpConfig                       0x080011e9   Thumb Code    18  stm32f4xx_usart.o(.text)
    USART_LINBreakDetectLengthConfig         0x080011fb   Thumb Code    18  stm32f4xx_usart.o(.text)
    USART_LINCmd                             0x0800120d   Thumb Code    24  stm32f4xx_usart.o(.text)
    USART_SendBreak                          0x08001225   Thumb Code    10  stm32f4xx_usart.o(.text)
    USART_HalfDuplexCmd                      0x0800122f   Thumb Code    24  stm32f4xx_usart.o(.text)
    USART_SetGuardTime                       0x08001247   Thumb Code    16  stm32f4xx_usart.o(.text)
    USART_SmartCardCmd                       0x08001257   Thumb Code    24  stm32f4xx_usart.o(.text)
    USART_SmartCardNACKCmd                   0x0800126f   Thumb Code    24  stm32f4xx_usart.o(.text)
    USART_IrDAConfig                         0x08001287   Thumb Code    18  stm32f4xx_usart.o(.text)
    USART_IrDACmd                            0x08001299   Thumb Code    24  stm32f4xx_usart.o(.text)
    USART_DMACmd                             0x080012b1   Thumb Code    18  stm32f4xx_usart.o(.text)
    USART_ITConfig                           0x080012c3   Thumb Code    74  stm32f4xx_usart.o(.text)
    USART_GetFlagStatus                      0x0800130d   Thumb Code    26  stm32f4xx_usart.o(.text)
    USART_ClearFlag                          0x08001327   Thumb Code    18  stm32f4xx_usart.o(.text)
    USART_GetITStatus                        0x08001339   Thumb Code   118  stm32f4xx_usart.o(.text)
    USART_ClearITPendingBit                  0x080013af   Thumb Code    30  stm32f4xx_usart.o(.text)
    delay_init                               0x080013cd   Thumb Code    52  delay.o(.text)
    delay_us                                 0x08001401   Thumb Code    72  delay.o(.text)
    delay_xms                                0x08001449   Thumb Code    72  delay.o(.text)
    delay_ms                                 0x08001491   Thumb Code    56  delay.o(.text)
    _sys_exit                                0x080014d1   Thumb Code     4  usart.o(.text)
    fputc                                    0x080014d5   Thumb Code    24  usart.o(.text)
    uart_init                                0x080014ed   Thumb Code   172  usart.o(.text)
    USART3_IRQHandler                        0x08001599   Thumb Code   122  usart.o(.text)
    IWDG_Feed                                0x08001613   Thumb Code     8  usart.o(.text)
    IWDG_Init                                0x0800161b   Thumb Code    36  usart.o(.text)
    itoa                                     0x0800163f   Thumb Code    96  usart.o(.text)
    USART_OUT                                0x0800169f   Thumb Code   262  usart.o(.text)
    USB_OTG_BSP_Init                         0x080017b9   Thumb Code   118  usb_bsp.o(.text)
    USB_OTG_BSP_EnableInterrupt              0x0800182f   Thumb Code    36  usb_bsp.o(.text)
    USB_OTG_BSP_DisableInterrupt             0x08001853   Thumb Code     2  usb_bsp.o(.text)
    USB_OTG_BSP_DriveVBUS                    0x08001855   Thumb Code     2  usb_bsp.o(.text)
    USB_OTG_BSP_ConfigVBUS                   0x08001857   Thumb Code     2  usb_bsp.o(.text)
    USB_OTG_BSP_uDelay                       0x08001859   Thumb Code    12  usb_bsp.o(.text)
    USB_OTG_BSP_mDelay                       0x08001865   Thumb Code    12  usb_bsp.o(.text)
    USBD_USR_DeviceDescriptor                0x08001885   Thumb Code    10  usbd_desc.o(.text)
    USBD_USR_LangIDStrDescriptor             0x0800188f   Thumb Code    10  usbd_desc.o(.text)
    USBD_USR_ProductStrDescriptor            0x08001899   Thumb Code    34  usbd_desc.o(.text)
    USBD_USR_ManufacturerStrDescriptor       0x080018bb   Thumb Code    20  usbd_desc.o(.text)
    USBD_USR_SerialStrDescriptor             0x080018cf   Thumb Code    34  usbd_desc.o(.text)
    USBD_USR_ConfigStrDescriptor             0x080018f1   Thumb Code    34  usbd_desc.o(.text)
    USBD_USR_InterfaceStrDescriptor          0x08001913   Thumb Code    34  usbd_desc.o(.text)
    OTG_FS_IRQHandler                        0x08001aa5   Thumb Code    10  usbd_usr.o(.text)
    OTG_HS_IRQHandler                        0x08001aaf   Thumb Code    16  usbd_usr.o(.text)
    USBD_USR_Init                            0x08001abf   Thumb Code    10  usbd_usr.o(.text)
    USBD_USR_DeviceReset                     0x08001ac9   Thumb Code    40  usbd_usr.o(.text)
    USBD_USR_DeviceConfigured                0x08001af1   Thumb Code    10  usbd_usr.o(.text)
    USBD_USR_DeviceSuspended                 0x08001afb   Thumb Code    10  usbd_usr.o(.text)
    USBD_USR_DeviceResumed                   0x08001b05   Thumb Code    10  usbd_usr.o(.text)
    USBD_USR_DeviceConnected                 0x08001b0f   Thumb Code    10  usbd_usr.o(.text)
    USBD_USR_DeviceDisconnected              0x08001b19   Thumb Code    10  usbd_usr.o(.text)
    USBD_DeInit                              0x08001c39   Thumb Code     6  usbd_core.o(.text)
    USBD_Init                                0x08001c3f   Thumb Code    66  usbd_core.o(.text)
    USBD_SetCfg                              0x08001ed3   Thumb Code    30  usbd_core.o(.text)
    USBD_ClrCfg                              0x08001ef1   Thumb Code    22  usbd_core.o(.text)
    USBD_CtlSendData                         0x08001f31   Thumb Code    46  usbd_ioreq.o(.text)
    USBD_CtlContinueSendData                 0x08001f5f   Thumb Code    30  usbd_ioreq.o(.text)
    USBD_CtlPrepareRx                        0x08001f7d   Thumb Code    46  usbd_ioreq.o(.text)
    USBD_CtlContinueRx                       0x08001fab   Thumb Code    30  usbd_ioreq.o(.text)
    USBD_CtlSendStatus                       0x08001fc9   Thumb Code    36  usbd_ioreq.o(.text)
    USBD_CtlReceiveStatus                    0x08001fed   Thumb Code    36  usbd_ioreq.o(.text)
    USBD_GetRxCount                          0x08002011   Thumb Code    20  usbd_ioreq.o(.text)
    USBD_CtlError                            0x08002025   Thumb Code    30  usbd_req.o(.text)
    USBD_StdDevReq                           0x0800240d   Thumb Code   114  usbd_req.o(.text)
    USBD_StdItfReq                           0x0800247f   Thumb Code    76  usbd_req.o(.text)
    USBD_StdEPReq                            0x080024cb   Thumb Code   360  usbd_req.o(.text)
    USBD_ParseSetupRequest                   0x08002633   Thumb Code    72  usbd_req.o(.text)
    USBD_GetString                           0x0800268f   Thumb Code    82  usbd_req.o(.text)
    USB_OTG_WritePacket                      0x08002abd   Thumb Code    64  usb_core.o(.text)
    USB_OTG_ReadPacket                       0x08002afd   Thumb Code    40  usb_core.o(.text)
    USB_OTG_SelectCore                       0x08002b25   Thumb Code   204  usb_core.o(.text)
    USB_OTG_CoreInit                         0x08002bf1   Thumb Code   294  usb_core.o(.text)
    USB_OTG_EnableGlobalInt                  0x08002d17   Thumb Code    34  usb_core.o(.text)
    USB_OTG_DisableGlobalInt                 0x08002d39   Thumb Code    34  usb_core.o(.text)
    USB_OTG_FlushTxFifo                      0x08002d5b   Thumb Code    80  usb_core.o(.text)
    USB_OTG_FlushRxFifo                      0x08002dab   Thumb Code    70  usb_core.o(.text)
    USB_OTG_SetCurrentMode                   0x08002df1   Thumb Code    78  usb_core.o(.text)
    USB_OTG_GetMode                          0x08002e3f   Thumb Code    22  usb_core.o(.text)
    USB_OTG_IsDeviceMode                     0x08002e55   Thumb Code    22  usb_core.o(.text)
    USB_OTG_IsHostMode                       0x08002e6b   Thumb Code    20  usb_core.o(.text)
    USB_OTG_ReadCoreItr                      0x08002e7f   Thumb Code    16  usb_core.o(.text)
    USB_OTG_ReadOtgItr                       0x08002e8f   Thumb Code     8  usb_core.o(.text)
    USB_OTG_InitDevSpeed                     0x08002e97   Thumb Code    24  usb_core.o(.text)
    USB_OTG_EnableDevInt                     0x08002eaf   Thumb Code   154  usb_core.o(.text)
    USB_OTG_CoreInitDev                      0x08002f49   Thumb Code   522  usb_core.o(.text)
    USB_OTG_GetDeviceSpeed                   0x08003153   Thumb Code    52  usb_core.o(.text)
    USB_OTG_EP0Activate                      0x08003187   Thumb Code   106  usb_core.o(.text)
    USB_OTG_EPActivate                       0x080031f1   Thumb Code   152  usb_core.o(.text)
    USB_OTG_EPDeactivate                     0x08003289   Thumb Code    94  usb_core.o(.text)
    USB_OTG_EPStartXfer                      0x080032e7   Thumb Code   502  usb_core.o(.text)
    USB_OTG_EP0StartXfer                     0x080034dd   Thumb Code   342  usb_core.o(.text)
    USB_OTG_EPSetStall                       0x08003633   Thumb Code   100  usb_core.o(.text)
    USB_OTG_EPClearStall                     0x08003697   Thumb Code    80  usb_core.o(.text)
    USB_OTG_ReadDevAllOutEp_itr              0x080036e7   Thumb Code    16  usb_core.o(.text)
    USB_OTG_ReadDevOutEP_itr                 0x080036f7   Thumb Code    20  usb_core.o(.text)
    USB_OTG_ReadDevAllInEPItr                0x0800370b   Thumb Code    16  usb_core.o(.text)
    USB_OTG_EP0_OutStart                     0x0800371b   Thumb Code    98  usb_core.o(.text)
    USB_OTG_ActiveRemoteWakeup               0x0800377d   Thumb Code   106  usb_core.o(.text)
    USB_OTG_UngateClock                      0x080037e7   Thumb Code    54  usb_core.o(.text)
    USB_OTG_StopDevice                       0x0800381d   Thumb Code    82  usb_core.o(.text)
    USB_OTG_GetEPStatus                      0x0800386f   Thumb Code   106  usb_core.o(.text)
    USB_OTG_SetEPStatus                      0x080038d9   Thumb Code   282  usb_core.o(.text)
    DCD_Init                                 0x080039f3   Thumb Code   156  usb_dcd.o(.text)
    DCD_EP_Open                              0x08003a8f   Thumb Code   104  usb_dcd.o(.text)
    DCD_EP_Close                             0x08003af7   Thumb Code    74  usb_dcd.o(.text)
    DCD_EP_PrepareRx                         0x08003b41   Thumb Code    82  usb_dcd.o(.text)
    DCD_EP_Tx                                0x08003b93   Thumb Code    78  usb_dcd.o(.text)
    DCD_EP_Stall                             0x08003be1   Thumb Code    72  usb_dcd.o(.text)
    DCD_EP_ClrStall                          0x08003c29   Thumb Code    72  usb_dcd.o(.text)
    DCD_EP_Flush                             0x08003c71   Thumb Code    36  usb_dcd.o(.text)
    DCD_EP_SetAddress                        0x08003c95   Thumb Code    28  usb_dcd.o(.text)
    DCD_DevConnect                           0x08003cb1   Thumb Code    32  usb_dcd.o(.text)
    DCD_DevDisconnect                        0x08003cd1   Thumb Code    34  usb_dcd.o(.text)
    DCD_GetEPStatus                          0x08003cf3   Thumb Code    64  usb_dcd.o(.text)
    DCD_SetEPStatus                          0x08003d33   Thumb Code    62  usb_dcd.o(.text)
    USBD_OTG_ISR_Handler                     0x080043fb   Thumb Code   224  usb_dcd_int.o(.text)
    LED_Init                                 0x080044e1   Thumb Code    60  led.o(.text)
    __use_no_semihosting                     0x08004521   Thumb Code     2  use_no_semi_2.o(.text)
    __2printf                                0x08004525   Thumb Code    20  noretval__2printf.o(.text)
    __use_two_region_memory                  0x0800453d   Thumb Code     2  heapauxi.o(.text)
    __rt_heap_escrow$2region                 0x0800453f   Thumb Code     2  heapauxi.o(.text)
    __rt_heap_expand$2region                 0x08004541   Thumb Code     2  heapauxi.o(.text)
    __I$use$semihosting                      0x08004543   Thumb Code     0  use_no_semi.o(.text)
    __use_no_semihosting_swi                 0x08004543   Thumb Code     2  use_no_semi.o(.text)
    _printf_char_file                        0x08004545   Thumb Code    32  _printf_char_file.o(.text)
    _printf_char_common                      0x08004573   Thumb Code    32  _printf_char_common.o(.text)
    ferror                                   0x08004599   Thumb Code     8  ferror.o(.text)
    __user_setup_stackheap                   0x080045a1   Thumb Code    74  sys_stackheap_outer.o(.text)
    __printf                                 0x080045eb   Thumb Code    40  __printf_nopercent.o(.text)
    exit                                     0x08004613   Thumb Code    18  exit.o(.text)
    __user_libspace                          0x08004625   Thumb Code     8  libspace.o(.text)
    __user_perproc_libspace                  0x08004625   Thumb Code     0  libspace.o(.text)
    __user_perthread_libspace                0x08004625   Thumb Code     0  libspace.o(.text)
    _fp_init                                 0x0800462d   Thumb Code    10  fpinit.o(x$fpl$fpinit)
    __fplib_config_fpu_vfp                   0x08004635   Thumb Code     0  fpinit.o(x$fpl$fpinit)
    __fplib_config_pureend_doubles           0x08004635   Thumb Code     0  fpinit.o(x$fpl$fpinit)
    Region$$Table$$Base                      0x08004638   Number         0  anon$$obj.o(Region$$Table)
    Region$$Table$$Limit                     0x08004658   Number         0  anon$$obj.o(Region$$Table)
    SystemCoreClock                          0x20000000   Data           4  system_stm32f4xx.o(.data)
    AHBPrescTable                            0x20000004   Data          16  system_stm32f4xx.o(.data)
    __stdout                                 0x20000028   Data           4  usart.o(.data)
    USART_RX_STA                             0x2000002c   Data           2  usart.o(.data)
    USR_desc                                 0x20000030   Data          28  usbd_desc.o(.data)
    USBD_DeviceDesc                          0x2000004c   Data          18  usbd_desc.o(.data)
    USBD_DeviceQualifierDesc                 0x2000005e   Data          10  usbd_desc.o(.data)
    USBD_LangIDDesc                          0x20000068   Data           4  usbd_desc.o(.data)
    VCP_fops                                 0x2000006c   Data          20  usbd_cdc_vcp.o(.data)
    USB_RecvieCount                          0x20000080   Data           4  usbd_cdc_vcp.o(.data)
    USR_cb                                   0x20000084   Data          28  usbd_usr.o(.data)
    SET_TEST_MODE                            0x200000a0   Data           4  usbd_core.o(.data)
    USBD_DCD_INT_cb                          0x200000a4   Data          44  usbd_core.o(.data)
    USBD_DCD_INT_fops                        0x200000d0   Data           4  usbd_core.o(.data)
    USBD_ep_status                           0x200000d4   Data           4  usbd_req.o(.data)
    USBD_default_cfg                         0x200000d8   Data           4  usbd_req.o(.data)
    USBD_cfg_status                          0x200000dc   Data           4  usbd_req.o(.data)
    CmdBuff                                  0x200000e8   Data           8  usbd_cdc_core.o(.data)
    APP_Rx_ptr_in                            0x200000f0   Data           4  usbd_cdc_core.o(.data)
    APP_Rx_ptr_out                           0x200000f4   Data           4  usbd_cdc_core.o(.data)
    APP_Rx_length                            0x200000f8   Data           4  usbd_cdc_core.o(.data)
    USB_Tx_State                             0x200000fc   Data           1  usbd_cdc_core.o(.data)
    USBD_CDC_cb                              0x20000108   Data          44  usbd_cdc_core.o(.data)
    usbd_cdc_CfgDesc                         0x20000134   Data          67  usbd_cdc_core.o(.data)
    USB_OTG_dev                              0x2000017c   Data        1524  main.o(.bss)
    USART_RX_BUF                             0x20000770   Data         200  usart.o(.bss)
    USBD_StrDesc                             0x20000838   Data         255  usbd_req.o(.bss)
    usbd_cdc_OtherCfgDesc                    0x20000937   Data          67  usbd_cdc_core.o(.bss)
    USB_Rx_Buffer                            0x2000097a   Data          64  usbd_cdc_core.o(.bss)
    APP_Rx_Buffer                            0x200009ba   Data        2048  usbd_cdc_core.o(.bss)
    __libspace_start                         0x200011bc   Data          96  libspace.o(.bss)
    __temporary_stack_top$libspace           0x2000121c   Data           0  libspace.o(.bss)



==============================================================================

Memory Map of the image

  Image Entry point : 0x08000189

  Load Region LR_IROM1 (Base: 0x08000000, Size: 0x000047d4, Max: 0x00100000, ABSOLUTE, COMPRESSED[0x00004744])

    Execution Region ER_IROM1 (Base: 0x08000000, Size: 0x00004658, Max: 0x00100000, ABSOLUTE)

    Base Addr    Size         Type   Attr      Idx    E Section Name        Object

    0x08000000   0x00000188   Data   RO          278    RESET               startup_stm32f40_41xxx.o
    0x08000188   0x00000008   Code   RO         1376  * !!!main             c_w.l(__main.o)
    0x08000190   0x00000034   Code   RO         1543    !!!scatter          c_w.l(__scatter.o)
    0x080001c4   0x0000005a   Code   RO         1541    !!dczerorl2         c_w.l(__dczerorl2.o)
    0x0800021e   0x00000002   PAD
    0x08000220   0x0000001c   Code   RO         1545    !!handler_zi        c_w.l(__scatter_zi.o)
    0x0800023c   0x00000002   Code   RO         1415    .ARM.Collect$$libinit$$00000000  c_w.l(libinit.o)
    0x0800023e   0x00000004   Code   RO         1421    .ARM.Collect$$libinit$$00000001  c_w.l(libinit2.o)
    0x08000242   0x00000000   Code   RO         1424    .ARM.Collect$$libinit$$00000004  c_w.l(libinit2.o)
    0x08000242   0x00000000   Code   RO         1427    .ARM.Collect$$libinit$$0000000A  c_w.l(libinit2.o)
    0x08000242   0x00000000   Code   RO         1429    .ARM.Collect$$libinit$$0000000C  c_w.l(libinit2.o)
    0x08000242   0x00000000   Code   RO         1431    .ARM.Collect$$libinit$$0000000E  c_w.l(libinit2.o)
    0x08000242   0x00000000   Code   RO         1434    .ARM.Collect$$libinit$$00000011  c_w.l(libinit2.o)
    0x08000242   0x00000000   Code   RO         1436    .ARM.Collect$$libinit$$00000013  c_w.l(libinit2.o)
    0x08000242   0x00000000   Code   RO         1438    .ARM.Collect$$libinit$$00000015  c_w.l(libinit2.o)
    0x08000242   0x00000000   Code   RO         1440    .ARM.Collect$$libinit$$00000017  c_w.l(libinit2.o)
    0x08000242   0x00000000   Code   RO         1442    .ARM.Collect$$libinit$$00000019  c_w.l(libinit2.o)
    0x08000242   0x00000000   Code   RO         1444    .ARM.Collect$$libinit$$0000001B  c_w.l(libinit2.o)
    0x08000242   0x00000000   Code   RO         1446    .ARM.Collect$$libinit$$0000001D  c_w.l(libinit2.o)
    0x08000242   0x00000000   Code   RO         1448    .ARM.Collect$$libinit$$0000001F  c_w.l(libinit2.o)
    0x08000242   0x00000000   Code   RO         1450    .ARM.Collect$$libinit$$00000021  c_w.l(libinit2.o)
    0x08000242   0x00000000   Code   RO         1452    .ARM.Collect$$libinit$$00000023  c_w.l(libinit2.o)
    0x08000242   0x00000000   Code   RO         1454    .ARM.Collect$$libinit$$00000025  c_w.l(libinit2.o)
    0x08000242   0x00000000   Code   RO         1458    .ARM.Collect$$libinit$$0000002C  c_w.l(libinit2.o)
    0x08000242   0x00000000   Code   RO         1460    .ARM.Collect$$libinit$$0000002E  c_w.l(libinit2.o)
    0x08000242   0x00000000   Code   RO         1462    .ARM.Collect$$libinit$$00000030  c_w.l(libinit2.o)
    0x08000242   0x00000000   Code   RO         1464    .ARM.Collect$$libinit$$00000032  c_w.l(libinit2.o)
    0x08000242   0x00000002   Code   RO         1465    .ARM.Collect$$libinit$$00000033  c_w.l(libinit2.o)
    0x08000244   0x00000002   Code   RO         1483    .ARM.Collect$$libshutdown$$00000000  c_w.l(libshutdown.o)
    0x08000246   0x00000000   Code   RO         1493    .ARM.Collect$$libshutdown$$00000002  c_w.l(libshutdown2.o)
    0x08000246   0x00000000   Code   RO         1495    .ARM.Collect$$libshutdown$$00000004  c_w.l(libshutdown2.o)
    0x08000246   0x00000000   Code   RO         1498    .ARM.Collect$$libshutdown$$00000007  c_w.l(libshutdown2.o)
    0x08000246   0x00000000   Code   RO         1501    .ARM.Collect$$libshutdown$$0000000A  c_w.l(libshutdown2.o)
    0x08000246   0x00000000   Code   RO         1503    .ARM.Collect$$libshutdown$$0000000C  c_w.l(libshutdown2.o)
    0x08000246   0x00000000   Code   RO         1506    .ARM.Collect$$libshutdown$$0000000F  c_w.l(libshutdown2.o)
    0x08000246   0x00000002   Code   RO         1507    .ARM.Collect$$libshutdown$$00000010  c_w.l(libshutdown2.o)
    0x08000248   0x00000000   Code   RO         1380    .ARM.Collect$$rtentry$$00000000  c_w.l(__rtentry.o)
    0x08000248   0x00000000   Code   RO         1384    .ARM.Collect$$rtentry$$00000002  c_w.l(__rtentry2.o)
    0x08000248   0x00000006   Code   RO         1396    .ARM.Collect$$rtentry$$00000004  c_w.l(__rtentry4.o)
    0x0800024e   0x00000000   Code   RO         1386    .ARM.Collect$$rtentry$$00000009  c_w.l(__rtentry2.o)
    0x0800024e   0x00000004   Code   RO         1387    .ARM.Collect$$rtentry$$0000000A  c_w.l(__rtentry2.o)
    0x08000252   0x00000000   Code   RO         1389    .ARM.Collect$$rtentry$$0000000C  c_w.l(__rtentry2.o)
    0x08000252   0x00000008   Code   RO         1390    .ARM.Collect$$rtentry$$0000000D  c_w.l(__rtentry2.o)
    0x0800025a   0x00000002   Code   RO         1419    .ARM.Collect$$rtexit$$00000000  c_w.l(rtexit.o)
    0x0800025c   0x00000000   Code   RO         1467    .ARM.Collect$$rtexit$$00000002  c_w.l(rtexit2.o)
    0x0800025c   0x00000004   Code   RO         1468    .ARM.Collect$$rtexit$$00000003  c_w.l(rtexit2.o)
    0x08000260   0x00000006   Code   RO         1469    .ARM.Collect$$rtexit$$00000004  c_w.l(rtexit2.o)
    0x08000266   0x00000002   PAD
    0x08000268   0x00000094   Code   RO            3    .text               main.o
    0x080002fc   0x0000001a   Code   RO          203    .text               stm32f4xx_it.o
    0x08000316   0x00000002   PAD
    0x08000318   0x00000210   Code   RO          252    .text               system_stm32f4xx.o
    0x08000528   0x00000040   Code   RO          279    .text               startup_stm32f40_41xxx.o
    0x08000568   0x000000e0   Code   RO          285    .text               misc.o
    0x08000648   0x00000294   Code   RO          634    .text               stm32f4xx_gpio.o
    0x080008dc   0x00000040   Code   RO          734    .text               stm32f4xx_iwdg.o
    0x0800091c   0x0000065c   Code   RO          797    .text               stm32f4xx_rcc.o
    0x08000f78   0x00000454   Code   RO          962    .text               stm32f4xx_usart.o
    0x080013cc   0x00000104   Code   RO         1002    .text               delay.o
    0x080014d0   0x000002e8   Code   RO         1042    .text               usart.o
    0x080017b8   0x000000cc   Code   RO         1076    .text               usb_bsp.o
    0x08001884   0x00000154   Code   RO         1099    .text               usbd_desc.o
    0x080019d8   0x000000cc   Code   RO         1132    .text               usbd_cdc_vcp.o
    0x08001aa4   0x00000194   Code   RO         1158    .text               usbd_usr.o
    0x08001c38   0x000002f8   Code   RO         1186    .text               usbd_core.o
    0x08001f30   0x000000f4   Code   RO         1212    .text               usbd_ioreq.o
    0x08002024   0x000006c0   Code   RO         1232    .text               usbd_req.o
    0x080026e4   0x00000338   Code   RO         1261    .text               usbd_cdc_core.o
    0x08002a1c   0x00000fd6   Code   RO         1288    .text               usb_core.o
    0x080039f2   0x0000037e   Code   RO         1308    .text               usb_dcd.o
    0x08003d70   0x00000770   Code   RO         1328    .text               usb_dcd_int.o
    0x080044e0   0x00000040   Code   RO         1348    .text               led.o
    0x08004520   0x00000002   Code   RO         1368    .text               c_w.l(use_no_semi_2.o)
    0x08004522   0x00000002   PAD
    0x08004524   0x00000018   Code   RO         1372    .text               c_w.l(noretval__2printf.o)
    0x0800453c   0x00000006   Code   RO         1374    .text               c_w.l(heapauxi.o)
    0x08004542   0x00000002   Code   RO         1378    .text               c_w.l(use_no_semi.o)
    0x08004544   0x00000024   Code   RO         1381    .text               c_w.l(_printf_char_file.o)
    0x08004568   0x00000030   Code   RO         1398    .text               c_w.l(_printf_char_common.o)
    0x08004598   0x00000008   Code   RO         1400    .text               c_w.l(ferror.o)
    0x080045a0   0x0000004a   Code   RO         1404    .text               c_w.l(sys_stackheap_outer.o)
    0x080045ea   0x00000028   Code   RO         1406    .text               c_w.l(__printf_nopercent.o)
    0x08004612   0x00000012   Code   RO         1408    .text               c_w.l(exit.o)
    0x08004624   0x00000008   Code   RO         1416    .text               c_w.l(libspace.o)
    0x0800462c   0x0000000a   Code   RO         1475    x$fpl$fpinit        fz_wm.l(fpinit.o)
    0x08004636   0x00000002   PAD
    0x08004638   0x00000020   Data   RO         1539    Region$$Table       anon$$obj.o


    Execution Region RW_IRAM1 (Base: 0x20000000, Size: 0x00001820, Max: 0x00020000, ABSOLUTE, COMPRESSED[0x000000ec])

    Base Addr    Size         Type   Attr      Idx    E Section Name        Object

    0x20000000   0x00000014   Data   RW          253    .data               system_stm32f4xx.o
    0x20000014   0x00000010   Data   RW          798    .data               stm32f4xx_rcc.o
    0x20000024   0x00000004   Data   RW         1003    .data               delay.o
    0x20000028   0x00000006   Data   RW         1044    .data               usart.o
    0x2000002e   0x00000002   PAD
    0x20000030   0x0000003c   Data   RW         1100    .data               usbd_desc.o
    0x2000006c   0x00000018   Data   RW         1133    .data               usbd_cdc_vcp.o
    0x20000084   0x0000001c   Data   RW         1159    .data               usbd_usr.o
    0x200000a0   0x00000034   Data   RW         1187    .data               usbd_core.o
    0x200000d4   0x0000000d   Data   RW         1234    .data               usbd_req.o
    0x200000e1   0x00000003   PAD
    0x200000e4   0x00000098   Data   RW         1263    .data               usbd_cdc_core.o
    0x2000017c   0x000005f4   Zero   RW            4    .bss                main.o
    0x20000770   0x000000c8   Zero   RW         1043    .bss                usart.o
    0x20000838   0x000000ff   Zero   RW         1233    .bss                usbd_req.o
    0x20000937   0x00000883   Zero   RW         1262    .bss                usbd_cdc_core.o
    0x200011ba   0x00000002   PAD
    0x200011bc   0x00000060   Zero   RW         1417    .bss                c_w.l(libspace.o)
    0x2000121c   0x00000004   PAD
    0x20001220   0x00000200   Zero   RW          277    HEAP                startup_stm32f40_41xxx.o
    0x20001420   0x00000400   Zero   RW          276    STACK               startup_stm32f40_41xxx.o


==============================================================================

Image component sizes


      Code (inc. data)   RO Data    RW Data    ZI Data      Debug   Object Name

       260          8          0          4          0       1509   delay.o
        64          4          0          0          0        523   led.o
       148         48          0          0       1524     284579   main.o
       224         20          0          0          0       1849   misc.o
        64         26        392          0       1536        844   startup_stm32f40_41xxx.o
       660         44          0          0          0       4193   stm32f4xx_gpio.o
        26          0          0          0          0       1238   stm32f4xx_it.o
        64          6          0          0          0       1361   stm32f4xx_iwdg.o
      1628         52          0         16          0      13080   stm32f4xx_rcc.o
      1108         34          0          0          0       7916   stm32f4xx_usart.o
       528         46          0         20          0       1827   system_stm32f4xx.o
       744         20          0          6        200       5289   usart.o
       204         20          0          0          0       2463   usb_bsp.o
      4054         10          0          0          0      13084   usb_core.o
       894          0          0          0          0       4788   usb_dcd.o
      1904         22          0          0          0       5151   usb_dcd_int.o
       824         58          0        152       2179       5844   usbd_cdc_core.o
       204         18          0         24          0       2097   usbd_cdc_vcp.o
       760          6          0         52          0       5738   usbd_core.o
       340        164          0         60          0       3816   usbd_desc.o
       244          0          0          0          0       2934   usbd_ioreq.o
      1728         50          0         13        255       5829   usbd_req.o
       404        278          0         28          0       1917   usbd_usr.o

    ----------------------------------------------------------------------
     17080        934        424        380       5696     377869   Object Totals
         0          0         32          0          0          0   (incl. Generated)
         2          0          0          5          2          0   (incl. Padding)

    ----------------------------------------------------------------------

      Code (inc. data)   RO Data    RW Data    ZI Data      Debug   Library Member Name

        90          0          0          0          0          0   __dczerorl2.o
         8          0          0          0          0         68   __main.o
        40          0          0          0          0         84   __printf_nopercent.o
         0          0          0          0          0          0   __rtentry.o
        12          0          0          0          0          0   __rtentry2.o
         6          0          0          0          0          0   __rtentry4.o
        52          8          0          0          0          0   __scatter.o
        28          0          0          0          0          0   __scatter_zi.o
        48          6          0          0          0         96   _printf_char_common.o
        36          4          0          0          0         80   _printf_char_file.o
        18          0          0          0          0         80   exit.o
         8          0          0          0          0         68   ferror.o
         6          0          0          0          0        152   heapauxi.o
         2          0          0          0          0          0   libinit.o
         6          0          0          0          0          0   libinit2.o
         2          0          0          0          0          0   libshutdown.o
         2          0          0          0          0          0   libshutdown2.o
         8          4          0          0         96         68   libspace.o
        24          4          0          0          0         84   noretval__2printf.o
         2          0          0          0          0          0   rtexit.o
        10          0          0          0          0          0   rtexit2.o
        74          0          0          0          0         80   sys_stackheap_outer.o
         2          0          0          0          0         68   use_no_semi.o
         2          0          0          0          0         68   use_no_semi_2.o
        10          0          0          0          0        116   fpinit.o

    ----------------------------------------------------------------------
       504         26          0          0        100       1112   Library Totals
         8          0          0          0          4          0   (incl. Padding)

    ----------------------------------------------------------------------

      Code (inc. data)   RO Data    RW Data    ZI Data      Debug   Library Name

       486         26          0          0         96        996   c_w.l
        10          0          0          0          0        116   fz_wm.l

    ----------------------------------------------------------------------
       504         26          0          0        100       1112   Library Totals

    ----------------------------------------------------------------------

==============================================================================


      Code (inc. data)   RO Data    RW Data    ZI Data      Debug   

     17584        960        424        380       5796     374365   Grand Totals
     17584        960        424        236       5796     374365   ELF Image Totals (compressed)
     17584        960        424        236          0          0   ROM Totals

==============================================================================

    Total RO  Size (Code + RO Data)                18008 (  17.59kB)
    Total RW  Size (RW Data + ZI Data)              6176 (   6.03kB)
    Total ROM Size (Code + RO Data + RW Data)      18244 (  17.82kB)

==============================================================================

